Archive member included to satisfy reference by file (symbol)

/Applications/STM32CubeIDE.app/Contents/Eclipse/plugins/com.st.stm32cube.ide.mcu.externaltools.gnu-tools-for-stm32.12.3.rel1.macos64_1.0.100.202403111906/tools/bin/../lib/gcc/arm-none-eabi/12.3.1/../../../../arm-none-eabi/lib/thumb/v7e-m+fp/hard/libc_nano.a(libc_a-assert.o)
                              ./Core/Src/k_mem.o (__assert_func)
/Applications/STM32CubeIDE.app/Contents/Eclipse/plugins/com.st.stm32cube.ide.mcu.externaltools.gnu-tools-for-stm32.12.3.rel1.macos64_1.0.100.202403111906/tools/bin/../lib/gcc/arm-none-eabi/12.3.1/../../../../arm-none-eabi/lib/thumb/v7e-m+fp/hard/libc_nano.a(libc_a-exit.o)
                              /Applications/STM32CubeIDE.app/Contents/Eclipse/plugins/com.st.stm32cube.ide.mcu.externaltools.gnu-tools-for-stm32.12.3.rel1.macos64_1.0.100.202403111906/tools/bin/../lib/gcc/arm-none-eabi/12.3.1/../../../../arm-none-eabi/lib/thumb/v7e-m+fp/hard/crt0.o (exit)
/Applications/STM32CubeIDE.app/Contents/Eclipse/plugins/com.st.stm32cube.ide.mcu.externaltools.gnu-tools-for-stm32.12.3.rel1.macos64_1.0.100.202403111906/tools/bin/../lib/gcc/arm-none-eabi/12.3.1/../../../../arm-none-eabi/lib/thumb/v7e-m+fp/hard/libc_nano.a(libc_a-findfp.o)
                              /Applications/STM32CubeIDE.app/Contents/Eclipse/plugins/com.st.stm32cube.ide.mcu.externaltools.gnu-tools-for-stm32.12.3.rel1.macos64_1.0.100.202403111906/tools/bin/../lib/gcc/arm-none-eabi/12.3.1/../../../../arm-none-eabi/lib/thumb/v7e-m+fp/hard/libc_nano.a(libc_a-exit.o) (__stdio_exit_handler)
/Applications/STM32CubeIDE.app/Contents/Eclipse/plugins/com.st.stm32cube.ide.mcu.externaltools.gnu-tools-for-stm32.12.3.rel1.macos64_1.0.100.202403111906/tools/bin/../lib/gcc/arm-none-eabi/12.3.1/../../../../arm-none-eabi/lib/thumb/v7e-m+fp/hard/libc_nano.a(libc_a-fprintf.o)
                              /Applications/STM32CubeIDE.app/Contents/Eclipse/plugins/com.st.stm32cube.ide.mcu.externaltools.gnu-tools-for-stm32.12.3.rel1.macos64_1.0.100.202403111906/tools/bin/../lib/gcc/arm-none-eabi/12.3.1/../../../../arm-none-eabi/lib/thumb/v7e-m+fp/hard/libc_nano.a(libc_a-assert.o) (fiprintf)
/Applications/STM32CubeIDE.app/Contents/Eclipse/plugins/com.st.stm32cube.ide.mcu.externaltools.gnu-tools-for-stm32.12.3.rel1.macos64_1.0.100.202403111906/tools/bin/../lib/gcc/arm-none-eabi/12.3.1/../../../../arm-none-eabi/lib/thumb/v7e-m+fp/hard/libc_nano.a(libc_a-fwalk.o)
                              /Applications/STM32CubeIDE.app/Contents/Eclipse/plugins/com.st.stm32cube.ide.mcu.externaltools.gnu-tools-for-stm32.12.3.rel1.macos64_1.0.100.202403111906/tools/bin/../lib/gcc/arm-none-eabi/12.3.1/../../../../arm-none-eabi/lib/thumb/v7e-m+fp/hard/libc_nano.a(libc_a-findfp.o) (_fwalk_sglue)
/Applications/STM32CubeIDE.app/Contents/Eclipse/plugins/com.st.stm32cube.ide.mcu.externaltools.gnu-tools-for-stm32.12.3.rel1.macos64_1.0.100.202403111906/tools/bin/../lib/gcc/arm-none-eabi/12.3.1/../../../../arm-none-eabi/lib/thumb/v7e-m+fp/hard/libc_nano.a(libc_a-printf.o)
                              ./Core/Src/task_scheduler.o (printf)
/Applications/STM32CubeIDE.app/Contents/Eclipse/plugins/com.st.stm32cube.ide.mcu.externaltools.gnu-tools-for-stm32.12.3.rel1.macos64_1.0.100.202403111906/tools/bin/../lib/gcc/arm-none-eabi/12.3.1/../../../../arm-none-eabi/lib/thumb/v7e-m+fp/hard/libc_nano.a(libc_a-puts.o)
                              ./Core/Src/k_mem.o (puts)
/Applications/STM32CubeIDE.app/Contents/Eclipse/plugins/com.st.stm32cube.ide.mcu.externaltools.gnu-tools-for-stm32.12.3.rel1.macos64_1.0.100.202403111906/tools/bin/../lib/gcc/arm-none-eabi/12.3.1/../../../../arm-none-eabi/lib/thumb/v7e-m+fp/hard/libc_nano.a(libc_a-memset.o)
                              /Applications/STM32CubeIDE.app/Contents/Eclipse/plugins/com.st.stm32cube.ide.mcu.externaltools.gnu-tools-for-stm32.12.3.rel1.macos64_1.0.100.202403111906/tools/bin/../lib/gcc/arm-none-eabi/12.3.1/../../../../arm-none-eabi/lib/thumb/v7e-m+fp/hard/crt0.o (memset)
/Applications/STM32CubeIDE.app/Contents/Eclipse/plugins/com.st.stm32cube.ide.mcu.externaltools.gnu-tools-for-stm32.12.3.rel1.macos64_1.0.100.202403111906/tools/bin/../lib/gcc/arm-none-eabi/12.3.1/../../../../arm-none-eabi/lib/thumb/v7e-m+fp/hard/libc_nano.a(libc_a-impure.o)
                              /Applications/STM32CubeIDE.app/Contents/Eclipse/plugins/com.st.stm32cube.ide.mcu.externaltools.gnu-tools-for-stm32.12.3.rel1.macos64_1.0.100.202403111906/tools/bin/../lib/gcc/arm-none-eabi/12.3.1/../../../../arm-none-eabi/lib/thumb/v7e-m+fp/hard/libc_nano.a(libc_a-assert.o) (_impure_ptr)
/Applications/STM32CubeIDE.app/Contents/Eclipse/plugins/com.st.stm32cube.ide.mcu.externaltools.gnu-tools-for-stm32.12.3.rel1.macos64_1.0.100.202403111906/tools/bin/../lib/gcc/arm-none-eabi/12.3.1/../../../../arm-none-eabi/lib/thumb/v7e-m+fp/hard/libc_nano.a(libc_a-errno.o)
                              ./Core/Src/syscalls.o (__errno)
[...]
Memory Configuration

Name             Origin             Length             Attributes
RAM              0x20000000         0x00018000         xrw
FLASH            0x08000000         0x00080000         xr
*default*        0x00000000         0xffffffff

Linker script and memory map

LOAD /Applications/STM32CubeIDE.app/Contents/Eclipse/plugins/com.st.stm32cube.ide.mcu.externaltools.gnu-tools-for-stm32.12.3.rel1.macos64_1.0.100.202403111906/tools/bin/../lib/gcc/arm-none-eabi/12.3.1/thumb/v7e-m+fp/hard/crti.o
LOAD /Applications/STM32CubeIDE.app/Contents/Eclipse/plugins/com.st.stm32cube.ide.mcu.externaltools.gnu-tools-for-stm32.12.3.rel1.macos64_1.0.100.202403111906/tools/bin/../lib/gcc/arm-none-eabi/12.3.1/thumb/v7e-m+fp/hard/crtbegin.o
LOAD /Applications/STM32CubeIDE.app/Contents/Eclipse/plugins/com.st.stm32cube.ide.mcu.externaltools.gnu-tools-for-stm32.12.3.rel1.macos64_1.0.100.202403111906/tools/bin/../lib/gcc/arm-none-eabi/12.3.1/../../../../arm-none-eabi/lib/thumb/v7e-m+fp/hard/crt0.o
LOAD ./Core/Src/bit_array.o
LOAD ./Core/Src/globals.o
LOAD ./Core/Src/k_mem.o
LOAD ./Core/Src/main.o
LOAD ./Core/Src/osFunctions.o
LOAD ./Core/Src/stm32f4xx_hal_msp.o
LOAD ./Core/Src/stm32f4xx_it.o
LOAD ./Core/Src/svc_handler.o
LOAD ./Core/Src/syscalls.o
LOAD ./Core/Src/sysmem.o
LOAD ./Core/Src/system_stm32f4xx.o
LOAD ./Core/Src/task_scheduler.o
LOAD ./Core/Src/tcb_array.o
LOAD ./Core/Src/util.o
LOAD ./Core/Startup/startup_stm32f401retx.o
LOAD ./Drivers/STM32F4xx_HAL_Driver/Src/stm32f4xx_hal.o
LOAD ./Drivers/STM32F4xx_HAL_Driver/Src/stm32f4xx_hal_cortex.o
LOAD ./Drivers/STM32F4xx_HAL_Driver/Src/stm32f4xx_hal_dma.o
LOAD ./Drivers/STM32F4xx_HAL_Driver/Src/stm32f4xx_hal_dma_ex.o
LOAD ./Drivers/STM32F4xx_HAL_Driver/Src/stm32f4xx_hal_exti.o
LOAD ./Drivers/STM32F4xx_HAL_Driver/Src/stm32f4xx_hal_flash.o
LOAD ./Drivers/STM32F4xx_HAL_Driver/Src/stm32f4xx_hal_flash_ex.o
LOAD ./Drivers/STM32F4xx_HAL_Driver/Src/stm32f4xx_hal_flash_ramfunc.o
LOAD ./Drivers/STM32F4xx_HAL_Driver/Src/stm32f4xx_hal_gpio.o
LOAD ./Drivers/STM32F4xx_HAL_Driver/Src/stm32f4xx_hal_pwr.o
LOAD ./Drivers/STM32F4xx_HAL_Driver/Src/stm32f4xx_hal_pwr_ex.o
LOAD ./Drivers/STM32F4xx_HAL_Driver/Src/stm32f4xx_hal_rcc.o
LOAD ./Drivers/STM32F4xx_HAL_Driver/Src/stm32f4xx_hal_rcc_ex.o
LOAD ./Drivers/STM32F4xx_HAL_Driver/Src/stm32f4xx_hal_tim.o
LOAD ./Drivers/STM32F4xx_HAL_Driver/Src/stm32f4xx_hal_tim_ex.o
LOAD ./Drivers/STM32F4xx_HAL_Driver/Src/stm32f4xx_hal_uart.o
LOAD /Users/leonxu/Downloads/updated_test_objectfiles/test10.o
START GROUP
LOAD /Applications/STM32CubeIDE.app/Contents/Eclipse/plugins/com.st.stm32cube.ide.mcu.externaltools.gnu-tools-for-stm32.12.3.rel1.macos64_1.0.100.202403111906/tools/bin/../lib/gcc/arm-none-eabi/12.3.1/../../../../arm-none-eabi/lib/thumb/v7e-m+fp/hard/libc_nano.a
LOAD /Applications/STM32CubeIDE.app/Contents/Eclipse/plugins/com.st.stm32cube.ide.mcu.externaltools.gnu-tools-for-stm32.12.3.rel1.macos64_1.0.100.202403111906/tools/bin/../lib/gcc/arm-none-eabi/12.3.1/../../../../arm-none-eabi/lib/thumb/v7e-m+fp/hard/libm.a
END GROUP
START GROUP
LOAD /Applications/STM32CubeIDE.app/Contents/Eclipse/plugins/com.st.stm32cube.ide.mcu.externaltools.gnu-tools-for-stm32.12.3.rel1.macos64_1.0.100.202403111906/tools/bin/../lib/gcc/arm-none-eabi/12.3.1/thumb/v7e-m+fp/hard/libgcc.a
LOAD /Applications/STM32CubeIDE.app/Contents/Eclipse/plugins/com.st.stm32cube.ide.mcu.externaltools.gnu-tools-for-stm32.12.3.rel1.macos64_1.0.100.202403111906/tools/bin/../lib/gcc/arm-none-eabi/12.3.1/../../../../arm-none-eabi/lib/thumb/v7e-m+fp/hard/libc_nano.a
END GROUP
START GROUP
LOAD /Applications/STM32CubeIDE.app/Contents/Eclipse/plugins/com.st.stm32cube.ide.mcu.externaltools.gnu-tools-for-stm32.12.3.rel1.macos64_1.0.100.202403111906/tools/bin/../lib/gcc/arm-none-eabi/12.3.1/thumb/v7e-m+fp/hard/libgcc.a
LOAD /Applications/STM32CubeIDE.app/Contents/Eclipse/plugins/com.st.stm32cube.ide.mcu.externaltools.gnu-tools-for-stm32.12.3.rel1.macos64_1.0.100.202403111906/tools/bin/../lib/gcc/arm-none-eabi/12.3.1/../../../../arm-none-eabi/lib/thumb/v7e-m+fp/hard/libc_nano.a
LOAD /Applications/STM32CubeIDE.app/Contents/Eclipse/plugins/com.st.stm32cube.ide.mcu.externaltools.gnu-tools-for-stm32.12.3.rel1.macos64_1.0.100.202403111906/tools/bin/../lib/gcc/arm-none-eabi/12.3.1/../../../../arm-none-eabi/lib/thumb/v7e-m+fp/hard/libnosys.a
END GROUP
START GROUP
LOAD /Applications/STM32CubeIDE.app/Contents/Eclipse/plugins/com.st.stm32cube.ide.mcu.externaltools.gnu-tools-for-stm32.12.3.rel1.macos64_1.0.100.202403111906/tools/bin/../lib/gcc/arm-none-eabi/12.3.1/thumb/v7e-m+fp/hard/libgcc.a
LOAD /Applications/STM32CubeIDE.app/Contents/Eclipse/plugins/com.st.stm32cube.ide.mcu.externaltools.gnu-tools-for-stm32.12.3.rel1.macos64_1.0.100.202403111906/tools/bin/../lib/gcc/arm-none-eabi/12.3.1/../../../../arm-none-eabi/lib/thumb/v7e-m+fp/hard/libc_nano.a
LOAD /Applications/STM32CubeIDE.app/Contents/Eclipse/plugins/com.st.stm32cube.ide.mcu.externaltools.gnu-tools-for-stm32.12.3.rel1.macos64_1.0.100.202403111906/tools/bin/../lib/gcc/arm-none-eabi/12.3.1/../../../../arm-none-eabi/lib/thumb/v7e-m+fp/hard/libnosys.a
END GROUP
LOAD /Applications/STM32CubeIDE.app/Contents/Eclipse/plugins/com.st.stm32cube.ide.mcu.externaltools.gnu-tools-for-stm32.12.3.rel1.macos64_1.0.100.202403111906/tools/bin/../lib/gcc/arm-none-eabi/12.3.1/thumb/v7e-m+fp/hard/crtend.o
LOAD /Applications/STM32CubeIDE.app/Contents/Eclipse/plugins/com.st.stm32cube.ide.mcu.externaltools.gnu-tools-for-stm32.12.3.rel1.macos64_1.0.100.202403111906/tools/bin/../lib/gcc/arm-none-eabi/12.3.1/thumb/v7e-m+fp/hard/crtn.o
                0x20018000                        _estack = (ORIGIN (RAM) + LENGTH (RAM))
                0x00004000                        _Min_Heap_Size = 0x4000
                0x00004000                        _Min_Stack_Size = 0x4000

.isr_vector     0x08000000      0x194
                0x08000000                        . = ALIGN (0x4)
 *(.isr_vector)
 .isr_vector    0x08000000      0x194 ./Core/Startup/startup_stm32f401retx.o
                0x08000000                g_pfnVectors
                0x08000194                        . = ALIGN (0x4)

.text           0x080001a0     0x53e4
                0x080001a0                        . = ALIGN (0x4)
 *(.text)
 .text          0x080001a0       0x40 /Applications/STM32CubeIDE.app/Contents/Eclipse/plugins/com.st.stm32cube.ide.mcu.externaltools.gnu-tools-for-stm32.12.3.rel1.macos64_1.0.100.202403111906/tools/bin/../lib/gcc/arm-none-eabi/12.3.1/thumb/v7e-m+fp/hard/crtbegin.o
 .text          0x080001e0       0x34 ./Core/Src/svc_handler.o
                0x080001e0                SVC_Handler
                0x080001f2                PendSV_Handler
 *fill*         0x08000214        0xc 
 .text          0x08000220       0xa0 /Applications/STM32CubeIDE.app/Contents/Eclipse/plugins/com.st.stm32cube.ide.mcu.externaltools.gnu-tools-for-stm32.12.3.rel1.macos64_1.0.100.202403111906/tools/bin/../lib/gcc/arm-none-eabi/12.3.1/../../../../arm-none-eabi/lib/thumb/v7e-m+fp/hard/libc_nano.a(libc_a-memchr.o)
                0x08000220                memchr
 .text          0x080002c0      0x378 /Applications/STM32CubeIDE.app/Contents/Eclipse/plugins/com.st.stm32cube.ide.mcu.externaltools.gnu-tools-for-stm32.12.3.rel1.macos64_1.0.100.202403111906/tools/bin/../lib/gcc/arm-none-eabi/12.3.1/thumb/v7e-m+fp/hard/libgcc.a(_arm_addsubdf3.o)
                0x080002c0                __aeabi_drsub
                0x080002c8                __subdf3
                0x080002c8                __aeabi_dsub
                0x080002cc                __aeabi_dadd
                0x080002cc                __adddf3
                0x08000544                __aeabi_ui2d
                0x08000544                __floatunsidf
                0x08000564                __floatsidf
                0x08000564                __aeabi_i2d
                0x08000588                __extendsfdf2
                0x08000588                __aeabi_f2d
                0x080005cc                __aeabi_ul2d
                0x080005cc                __floatundidf
                0x080005dc                __aeabi_l2d
                0x080005dc                __floatdidf
 .text          0x08000638      0x424 /Applications/STM32CubeIDE.app/Contents/Eclipse/plugins/com.st.stm32cube.ide.mcu.externaltools.gnu-tools-for-stm32.12.3.rel1.macos64_1.0.100.202403111906/tools/bin/../lib/gcc/arm-none-eabi/12.3.1/thumb/v7e-m+fp/hard/libgcc.a(_arm_muldivdf3.o)
                0x08000638                __aeabi_dmul
                0x08000638                __muldf3
                0x0800088c                __aeabi_ddiv
                0x0800088c                __divdf3
 .text          0x08000a5c       0x50 /Applications/STM32CubeIDE.app/Contents/Eclipse/plugins/com.st.stm32cube.ide.mcu.externaltools.gnu-tools-for-stm32.12.3.rel1.macos64_1.0.100.202403111906/tools/bin/../lib/gcc/arm-none-eabi/12.3.1/thumb/v7e-m+fp/hard/libgcc.a(_arm_fixdfsi.o)
                0x08000a5c                __fixdfsi
                0x08000a5c                __aeabi_d2iz
 .text          0x08000aac       0x30 /Applications/STM32CubeIDE.app/Contents/Eclipse/plugins/com.st.stm32cube.ide.mcu.externaltools.gnu-tools-for-stm32.12.3.rel1.macos64_1.0.100.202403111906/tools/bin/../lib/gcc/arm-none-eabi/12.3.1/thumb/v7e-m+fp/hard/libgcc.a(_aeabi_uldivmod.o)
                0x08000aac                __aeabi_uldivmod
 .text          0x08000adc      0x2bc /Applications/STM32CubeIDE.app/Contents/Eclipse/plugins/com.st.stm32cube.ide.mcu.externaltools.gnu-tools-for-stm32.12.3.rel1.macos64_1.0.100.202403111906/tools/bin/../lib/gcc/arm-none-eabi/12.3.1/thumb/v7e-m+fp/hard/libgcc.a(_udivmoddi4.o)
                0x08000adc                __udivmoddi4
 .text          0x08000d98        0x4 /Applications/STM32CubeIDE.app/Contents/Eclipse/plugins/com.st.stm32cube.ide.mcu.externaltools.gnu-tools-for-stm32.12.3.rel1.macos64_1.0.100.202403111906/tools/bin/../lib/gcc/arm-none-eabi/12.3.1/thumb/v7e-m+fp/hard/libgcc.a(_dvmd_tls.o)
                0x08000d98                __aeabi_ldiv0
                0x08000d98                __aeabi_idiv0
 *(.text*)
 .text.k_mem_init
                0x08000d9c       0x7c ./Core/Src/k_mem.o
                0x08000d9c                k_mem_init
 .text.k_mem_alloc
                0x08000e18      0x1c4 ./Core/Src/k_mem.o
                0x08000e18                k_mem_alloc
 .text.k_mem_dealloc
                0x08000fdc       0xc4 ./Core/Src/k_mem.o
                0x08000fdc                k_mem_dealloc
 .text.coalesce
                0x080010a0      0x164 ./Core/Src/k_mem.o
                0x080010a0                coalesce
 .text.getBuddyBlockAddress
                0x08001204       0x48 ./Core/Src/k_mem.o
                0x08001204                getBuddyBlockAddress
 .text.getLowerAddressMemoryBlock
                0x0800124c       0x24 ./Core/Src/k_mem.o
                0x0800124c                getLowerAddressMemoryBlock
 .text.findStartingLevel
                0x08001270       0x46 ./Core/Src/k_mem.o
                0x08001270                findStartingLevel
 .text.numOfAvailableTIDs
                0x080012b6       0x48 ./Core/Src/osFunctions.o
                0x080012b6                numOfAvailableTIDs
 .text.outOfTIDs
                0x080012fe       0x22 ./Core/Src/osFunctions.o
                0x080012fe                outOfTIDs
 .text.dequeueTID
                0x08001320       0x64 ./Core/Src/osFunctions.o
                0x08001320                dequeueTID
 .text.enqueueTID
                0x08001384       0x5c ./Core/Src/osFunctions.o
                0x08001384                enqueueTID
 .text.initTIDdispenser
                0x080013e0       0x4c ./Core/Src/osFunctions.o
                0x080013e0                initTIDdispenser
 .text.do_nothing
                0x0800142c        0x8 ./Core/Src/osFunctions.o
                0x0800142c                do_nothing
 .text.osKernelInit
                0x08001434       0xb4 ./Core/Src/osFunctions.o
                0x08001434                osKernelInit
 .text.osCreateTask
                0x080014e8      0x240 ./Core/Src/osFunctions.o
                0x080014e8                osCreateTask
 .text.osKernelStart
                0x08001728       0xd4 ./Core/Src/osFunctions.o
                0x08001728                osKernelStart
 .text.osTaskExit
                0x080017fc       0x68 ./Core/Src/osFunctions.o
                0x080017fc                osTaskExit
 .text.osCreateDeadlineTask
                0x08001864      0x22c ./Core/Src/osFunctions.o
                0x08001864                osCreateDeadlineTask
 .text.osSleep  0x08001a90       0x48 ./Core/Src/osFunctions.o
                0x08001a90                osSleep
 .text.osPeriodYield
                0x08001ad8       0x34 ./Core/Src/osFunctions.o
                0x08001ad8                osPeriodYield
 .text.HAL_MspInit
                0x08001b0c       0x50 ./Core/Src/stm32f4xx_hal_msp.o
                0x08001b0c                HAL_MspInit
 .text.HAL_UART_MspInit
                0x08001b5c       0x90 ./Core/Src/stm32f4xx_hal_msp.o
                0x08001b5c                HAL_UART_MspInit
 .text.NMI_Handler
                0x08001bec        0x8 ./Core/Src/stm32f4xx_it.o
                0x08001bec                NMI_Handler
 .text.HardFault_Handler
                0x08001bf4        0x8 ./Core/Src/stm32f4xx_it.o
                0x08001bf4                HardFault_Handler
 .text.MemManage_Handler
                0x08001bfc        0x8 ./Core/Src/stm32f4xx_it.o
                0x08001bfc                MemManage_Handler
 .text.BusFault_Handler
                0x08001c04        0x8 ./Core/Src/stm32f4xx_it.o
                0x08001c04                BusFault_Handler
 .text.UsageFault_Handler
                0x08001c0c        0x8 ./Core/Src/stm32f4xx_it.o
                0x08001c0c                UsageFault_Handler
 .text.DebugMon_Handler
                0x08001c14        0xe ./Core/Src/stm32f4xx_it.o
                0x08001c14                DebugMon_Handler
 *fill*         0x08001c22        0x2 
 .text.SysTick_Handler
                0x08001c24       0xd0 ./Core/Src/stm32f4xx_it.o
                0x08001c24                SysTick_Handler
 .text.SVC_Handler_Main
                0x08001cf4       0xb0 ./Core/Src/stm32f4xx_it.o
                0x08001cf4                SVC_Handler_Main
 .text.Context_Switch
                0x08001da4      0x110 ./Core/Src/stm32f4xx_it.o
                0x08001da4                Context_Switch
 .text._read    0x08001eb4       0x3a ./Core/Src/syscalls.o
                0x08001eb4                _read
 .text._write   0x08001eee       0x38 ./Core/Src/syscalls.o
                0x08001eee                _write
 .text._close   0x08001f26       0x18 ./Core/Src/syscalls.o
                0x08001f26                _close
 .text._fstat   0x08001f3e       0x20 ./Core/Src/syscalls.o
                0x08001f3e                _fstat
 .text._isatty  0x08001f5e       0x16 ./Core/Src/syscalls.o
                0x08001f5e                _isatty
 .text._lseek   0x08001f74       0x1a ./Core/Src/syscalls.o
                0x08001f74                _lseek
 *fill*         0x08001f8e        0x2 
 .text._sbrk    0x08001f90       0x6c ./Core/Src/sysmem.o
                0x08001f90                _sbrk
 .text.SystemInit
                0x08001ffc       0x24 ./Core/Src/system_stm32f4xx.o
                0x08001ffc                SystemInit
 .text.initTaskScheduler
                0x08002020       0x50 ./Core/Src/task_scheduler.o
                0x08002020                initTaskScheduler
 .text.initSleepTaskScheduler
                0x08002070       0x50 ./Core/Src/task_scheduler.o
                0x08002070                initSleepTaskScheduler
 .text.isEmpty  0x080020c0       0x24 ./Core/Src/task_scheduler.o
                0x080020c0                isEmpty
 .text.isFull   0x080020e4       0x24 ./Core/Src/task_scheduler.o
                0x080020e4                isFull
 .text.heapify  0x08002108       0xda ./Core/Src/task_scheduler.o
                0x08002108                heapify
 .text.swap     0x080021e2       0x3c ./Core/Src/task_scheduler.o
                0x080021e2                swap
 .text.left     0x0800221e       0x1a ./Core/Src/task_scheduler.o
                0x0800221e                left
 .text.right    0x08002238       0x1a ./Core/Src/task_scheduler.o
                0x08002238                right
 .text.parent   0x08002252       0x1e ./Core/Src/task_scheduler.o
                0x08002252                parent
 .text.insert   0x08002270       0xe0 ./Core/Src/task_scheduler.o
                0x08002270                insert
 .text.removeMin
                0x08002350       0x5c ./Core/Src/task_scheduler.o
                0x08002350                removeMin
 .text.getMinRemainingTimeTask
                0x080023ac       0x4a ./Core/Src/task_scheduler.o
                0x080023ac                getMinRemainingTimeTask
 .text.reheapify
                0x080023f6       0x38 ./Core/Src/task_scheduler.o
                0x080023f6                reheapify
 .text.changeRemainingTime
                0x0800242e       0x70 ./Core/Src/task_scheduler.o
                0x0800242e                changeRemainingTime
 .text.decrementRemainingTime
                0x0800249e       0x42 ./Core/Src/task_scheduler.o
                0x0800249e                decrementRemainingTime
 .text.initTCBarray
                0x080024e0       0x50 ./Core/Src/tcb_array.o
                0x080024e0                initTCBarray
 .text.isArrayFull
                0x08002530       0x22 ./Core/Src/tcb_array.o
                0x08002530                isArrayFull
 .text.hasReachedMaxActiveTasks
                0x08002552       0x24 ./Core/Src/tcb_array.o
                0x08002552                hasReachedMaxActiveTasks
 .text.canAppendToStack
                0x08002576       0x34 ./Core/Src/tcb_array.o
                0x08002576                canAppendToStack
 *fill*         0x080025aa        0x2 
 .text.appendToStack
                0x080025ac       0xd8 ./Core/Src/tcb_array.o
                0x080025ac                appendToStack
 .text.canReplaceDormantTaskInStack
                0x08002684       0x62 ./Core/Src/tcb_array.o
                0x08002684                canReplaceDormantTaskInStack
 .text.replaceDormantTaskInStack
                0x080026e6       0xf4 ./Core/Src/tcb_array.o
                0x080026e6                replaceDormantTaskInStack
 .text.setTCBState
                0x080027da       0x8c ./Core/Src/tcb_array.o
                0x080027da                setTCBState
 .text.setTCBStackPointer
                0x08002866       0x5e ./Core/Src/tcb_array.o
                0x08002866                setTCBStackPointer
 .text.__io_putchar
                0x080028c4       0x24 ./Core/Src/util.o
                0x080028c4                __io_putchar
 .text.SystemClock_Config
                0x080028e8       0xd8 ./Core/Src/util.o
                0x080028e8                SystemClock_Config
 .text.MX_USART2_UART_Init
                0x080029c0       0x54 ./Core/Src/util.o
                0x080029c0                MX_USART2_UART_Init
 .text.MX_GPIO_Init
                0x08002a14       0xdc ./Core/Src/util.o
                0x08002a14                MX_GPIO_Init
 .text.Error_Handler
                0x08002af0        0xc ./Core/Src/util.o
                0x08002af0                Error_Handler
 .text.Reset_Handler
                0x08002afc       0x50 ./Core/Startup/startup_stm32f401retx.o
                0x08002afc                Reset_Handler
 .text.Default_Handler
                0x08002b4c        0x2 ./Core/Startup/startup_stm32f401retx.o
                0x08002b4c                DMA1_Stream3_IRQHandler
                0x08002b4c                EXTI2_IRQHandler
                0x08002b4c                SPI4_IRQHandler
                0x08002b4c                TIM1_CC_IRQHandler
                0x08002b4c                DMA2_Stream5_IRQHandler
                0x08002b4c                DMA1_Stream5_IRQHandler
                0x08002b4c                PVD_IRQHandler
                0x08002b4c                SDIO_IRQHandler
                0x08002b4c                TAMP_STAMP_IRQHandler
                0x08002b4c                EXTI3_IRQHandler
                0x08002b4c                TIM1_UP_TIM10_IRQHandler
                0x08002b4c                I2C3_ER_IRQHandler
                0x08002b4c                EXTI0_IRQHandler
                0x08002b4c                I2C2_EV_IRQHandler
                0x08002b4c                DMA1_Stream2_IRQHandler
                0x08002b4c                FPU_IRQHandler
                0x08002b4c                DMA2_Stream2_IRQHandler
                0x08002b4c                SPI1_IRQHandler
                0x08002b4c                TIM1_BRK_TIM9_IRQHandler
                0x08002b4c                DMA2_Stream3_IRQHandler
                0x08002b4c                USART6_IRQHandler
                0x08002b4c                DMA2_Stream0_IRQHandler
                0x08002b4c                TIM4_IRQHandler
                0x08002b4c                I2C1_EV_IRQHandler
                0x08002b4c                DMA1_Stream6_IRQHandler
                0x08002b4c                DMA1_Stream1_IRQHandler
                0x08002b4c                TIM3_IRQHandler
                0x08002b4c                RCC_IRQHandler
                0x08002b4c                Default_Handler
                0x08002b4c                EXTI15_10_IRQHandler
                0x08002b4c                ADC_IRQHandler
                0x08002b4c                DMA1_Stream7_IRQHandler
                0x08002b4c                TIM5_IRQHandler
                0x08002b4c                DMA2_Stream7_IRQHandler
                0x08002b4c                I2C3_EV_IRQHandler
                0x08002b4c                EXTI9_5_IRQHandler
                0x08002b4c                RTC_WKUP_IRQHandler
                0x08002b4c                SPI2_IRQHandler
                0x08002b4c                DMA1_Stream0_IRQHandler
                0x08002b4c                EXTI4_IRQHandler
                0x08002b4c                WWDG_IRQHandler
                0x08002b4c                TIM2_IRQHandler
                0x08002b4c                OTG_FS_WKUP_IRQHandler
                0x08002b4c                TIM1_TRG_COM_TIM11_IRQHandler
                0x08002b4c                EXTI1_IRQHandler
                0x08002b4c                USART2_IRQHandler
                0x08002b4c                I2C2_ER_IRQHandler
                0x08002b4c                DMA2_Stream1_IRQHandler
                0x08002b4c                FLASH_IRQHandler
                0x08002b4c                DMA2_Stream4_IRQHandler
                0x08002b4c                USART1_IRQHandler
                0x08002b4c                OTG_FS_IRQHandler
                0x08002b4c                SPI3_IRQHandler
                0x08002b4c                DMA1_Stream4_IRQHandler
                0x08002b4c                I2C1_ER_IRQHandler
                0x08002b4c                DMA2_Stream6_IRQHandler
                0x08002b4c                RTC_Alarm_IRQHandler
 *fill*         0x08002b4e        0x2 
 .text.HAL_Init
                0x08002b50       0x44 ./Drivers/STM32F4xx_HAL_Driver/Src/stm32f4xx_hal.o
                0x08002b50                HAL_Init
 .text.HAL_InitTick
                0x08002b94       0x60 ./Drivers/STM32F4xx_HAL_Driver/Src/stm32f4xx_hal.o
                0x08002b94                HAL_InitTick
 .text.HAL_IncTick
                0x08002bf4       0x28 ./Drivers/STM32F4xx_HAL_Driver/Src/stm32f4xx_hal.o
                0x08002bf4                HAL_IncTick
 .text.HAL_GetTick
                0x08002c1c       0x18 ./Drivers/STM32F4xx_HAL_Driver/Src/stm32f4xx_hal.o
                0x08002c1c                HAL_GetTick
 .text.__NVIC_SetPriorityGrouping
                0x08002c34       0x48 ./Drivers/STM32F4xx_HAL_Driver/Src/stm32f4xx_hal_cortex.o
 .text.__NVIC_GetPriorityGrouping
                0x08002c7c       0x1c ./Drivers/STM32F4xx_HAL_Driver/Src/stm32f4xx_hal_cortex.o
 .text.__NVIC_SetPriority
                0x08002c98       0x54 ./Drivers/STM32F4xx_HAL_Driver/Src/stm32f4xx_hal_cortex.o
 .text.NVIC_EncodePriority
                0x08002cec       0x66 ./Drivers/STM32F4xx_HAL_Driver/Src/stm32f4xx_hal_cortex.o
 *fill*         0x08002d52        0x2 
 .text.SysTick_Config
                0x08002d54       0x44 ./Drivers/STM32F4xx_HAL_Driver/Src/stm32f4xx_hal_cortex.o
 .text.HAL_NVIC_SetPriorityGrouping
                0x08002d98       0x16 ./Drivers/STM32F4xx_HAL_Driver/Src/stm32f4xx_hal_cortex.o
                0x08002d98                HAL_NVIC_SetPriorityGrouping
 .text.HAL_NVIC_SetPriority
                0x08002dae       0x38 ./Drivers/STM32F4xx_HAL_Driver/Src/stm32f4xx_hal_cortex.o
                0x08002dae                HAL_NVIC_SetPriority
 .text.HAL_SYSTICK_Config
                0x08002de6       0x18 ./Drivers/STM32F4xx_HAL_Driver/Src/stm32f4xx_hal_cortex.o
                0x08002de6                HAL_SYSTICK_Config
 *fill*         0x08002dfe        0x2 
 .text.HAL_GPIO_Init
                0x08002e00      0x308 ./Drivers/STM32F4xx_HAL_Driver/Src/stm32f4xx_hal_gpio.o
                0x08002e00                HAL_GPIO_Init
 .text.HAL_GPIO_WritePin
                0x08003108       0x32 ./Drivers/STM32F4xx_HAL_Driver/Src/stm32f4xx_hal_gpio.o
                0x08003108                HAL_GPIO_WritePin
 *fill*         0x0800313a        0x2 
 .text.HAL_RCC_OscConfig
                0x0800313c      0x4f0 ./Drivers/STM32F4xx_HAL_Driver/Src/stm32f4xx_hal_rcc.o
                0x0800313c                HAL_RCC_OscConfig
 .text.HAL_RCC_ClockConfig
                0x0800362c      0x1cc ./Drivers/STM32F4xx_HAL_Driver/Src/stm32f4xx_hal_rcc.o
                0x0800362c                HAL_RCC_ClockConfig
 .text.HAL_RCC_GetSysClockFreq
                0x080037f8      0x20c ./Drivers/STM32F4xx_HAL_Driver/Src/stm32f4xx_hal_rcc.o
                0x080037f8                HAL_RCC_GetSysClockFreq
 .text.HAL_RCC_GetHCLKFreq
                0x08003a04       0x18 ./Drivers/STM32F4xx_HAL_Driver/Src/stm32f4xx_hal_rcc.o
                0x08003a04                HAL_RCC_GetHCLKFreq
 .text.HAL_RCC_GetPCLK1Freq
                0x08003a1c       0x28 ./Drivers/STM32F4xx_HAL_Driver/Src/stm32f4xx_hal_rcc.o
                0x08003a1c                HAL_RCC_GetPCLK1Freq
 .text.HAL_RCC_GetPCLK2Freq
                0x08003a44       0x28 ./Drivers/STM32F4xx_HAL_Driver/Src/stm32f4xx_hal_rcc.o
                0x08003a44                HAL_RCC_GetPCLK2Freq
 .text.HAL_UART_Init
                0x08003a6c       0x9a ./Drivers/STM32F4xx_HAL_Driver/Src/stm32f4xx_hal_uart.o
                0x08003a6c                HAL_UART_Init
 .text.HAL_UART_Transmit
                0x08003b06      0x124 ./Drivers/STM32F4xx_HAL_Driver/Src/stm32f4xx_hal_uart.o
                0x08003b06                HAL_UART_Transmit
 .text.UART_WaitOnFlagUntilTimeout
                0x08003c2a       0xdc ./Drivers/STM32F4xx_HAL_Driver/Src/stm32f4xx_hal_uart.o
 *fill*         0x08003d06        0x2 
 .text.UART_SetConfig
                0x08003d08      0x4e8 ./Drivers/STM32F4xx_HAL_Driver/Src/stm32f4xx_hal_uart.o
 .text.TaskEval
                0x080041f0      0x1d4 /Users/leonxu/Downloads/updated_test_objectfiles/test10.o
                0x080041f0                TaskEval
 .text.TaskA    0x080043c4       0x40 /Users/leonxu/Downloads/updated_test_objectfiles/test10.o
                0x080043c4                TaskA
 .text.TaskB    0x08004404       0x80 /Users/leonxu/Downloads/updated_test_objectfiles/test10.o
                0x08004404                TaskB
 *fill*         0x08004484        0x4 
 .text.main     0x08004488      0x140 /Users/leonxu/Downloads/updated_test_objectfiles/test10.o
                0x08004488                main
 .text.std      0x080045c8       0x6c /Applications/STM32CubeIDE.app/Contents/Eclipse/plugins/com.st.stm32cube.ide.mcu.externaltools.gnu-tools-for-stm32.12.3.rel1.macos64_1.0.100.202403111906/tools/bin/../lib/gcc/arm-none-eabi/12.3.1/../../../../arm-none-eabi/lib/thumb/v7e-m+fp/hard/libc_nano.a(libc_a-findfp.o)
 .text.stdio_exit_handler
                0x08004634       0x18 /Applications/STM32CubeIDE.app/Contents/Eclipse/plugins/com.st.stm32cube.ide.mcu.externaltools.gnu-tools-for-stm32.12.3.rel1.macos64_1.0.100.202403111906/tools/bin/../lib/gcc/arm-none-eabi/12.3.1/../../../../arm-none-eabi/lib/thumb/v7e-m+fp/hard/libc_nano.a(libc_a-findfp.o)
 .text.cleanup_stdio
                0x0800464c       0x40 /Applications/STM32CubeIDE.app/Contents/Eclipse/plugins/com.st.stm32cube.ide.mcu.externaltools.gnu-tools-for-stm32.12.3.rel1.macos64_1.0.100.202403111906/tools/bin/../lib/gcc/arm-none-eabi/12.3.1/../../../../arm-none-eabi/lib/thumb/v7e-m+fp/hard/libc_nano.a(libc_a-findfp.o)
 .text.global_stdio_init.part.0
                0x0800468c       0x3c /Applications/STM32CubeIDE.app/Contents/Eclipse/plugins/com.st.stm32cube.ide.mcu.externaltools.gnu-tools-for-stm32.12.3.rel1.macos64_1.0.100.202403111906/tools/bin/../lib/gcc/arm-none-eabi/12.3.1/../../../../arm-none-eabi/lib/thumb/v7e-m+fp/hard/libc_nano.a(libc_a-findfp.o)
 .text.__sfp_lock_acquire
                0x080046c8        0xc /Applications/STM32CubeIDE.app/Contents/Eclipse/plugins/com.st.stm32cube.ide.mcu.externaltools.gnu-tools-for-stm32.12.3.rel1.macos64_1.0.100.202403111906/tools/bin/../lib/gcc/arm-none-eabi/12.3.1/../../../../arm-none-eabi/lib/thumb/v7e-m+fp/hard/libc_nano.a(libc_a-findfp.o)
                0x080046c8                __sfp_lock_acquire
 .text.__sfp_lock_release
                0x080046d4        0xc /Applications/STM32CubeIDE.app/Contents/Eclipse/plugins/com.st.stm32cube.ide.mcu.externaltools.gnu-tools-for-stm32.12.3.rel1.macos64_1.0.100.202403111906/tools/bin/../lib/gcc/arm-none-eabi/12.3.1/../../../../arm-none-eabi/lib/thumb/v7e-m+fp/hard/libc_nano.a(libc_a-findfp.o)
                0x080046d4                __sfp_lock_release
 .text.__sinit  0x080046e0       0x30 /Applications/STM32CubeIDE.app/Contents/Eclipse/plugins/com.st.stm32cube.ide.mcu.externaltools.gnu-tools-for-stm32.12.3.rel1.macos64_1.0.100.202403111906/tools/bin/../lib/gcc/arm-none-eabi/12.3.1/../../../../arm-none-eabi/lib/thumb/v7e-m+fp/hard/libc_nano.a(libc_a-findfp.o)
                0x080046e0                __sinit
 .text._fwalk_sglue
                0x08004710       0x3c /Applications/STM32CubeIDE.app/Contents/Eclipse/plugins/com.st.stm32cube.ide.mcu.externaltools.gnu-tools-for-stm32.12.3.rel1.macos64_1.0.100.202403111906/tools/bin/../lib/gcc/arm-none-eabi/12.3.1/../../../../arm-none-eabi/lib/thumb/v7e-m+fp/hard/libc_nano.a(libc_a-fwalk.o)
                0x08004710                _fwalk_sglue
 .text.printf   0x0800474c       0x24 /Applications/STM32CubeIDE.app/Contents/Eclipse/plugins/com.st.stm32cube.ide.mcu.externaltools.gnu-tools-for-stm32.12.3.rel1.macos64_1.0.100.202403111906/tools/bin/../lib/gcc/arm-none-eabi/12.3.1/../../../../arm-none-eabi/lib/thumb/v7e-m+fp/hard/libc_nano.a(libc_a-printf.o)
                0x0800474c                printf
                0x0800474c                iprintf
 .text._puts_r  0x08004770       0xaa /Applications/STM32CubeIDE.app/Contents/Eclipse/plugins/com.st.stm32cube.ide.mcu.externaltools.gnu-tools-for-stm32.12.3.rel1.macos64_1.0.100.202403111906/tools/bin/../lib/gcc/arm-none-eabi/12.3.1/../../../../arm-none-eabi/lib/thumb/v7e-m+fp/hard/libc_nano.a(libc_a-puts.o)
                0x08004770                _puts_r
 *fill*         0x0800481a        0x2 
 .text.puts     0x0800481c       0x10 /Applications/STM32CubeIDE.app/Contents/Eclipse/plugins/com.st.stm32cube.ide.mcu.externaltools.gnu-tools-for-stm32.12.3.rel1.macos64_1.0.100.202403111906/tools/bin/../lib/gcc/arm-none-eabi/12.3.1/../../../../arm-none-eabi/lib/thumb/v7e-m+fp/hard/libc_nano.a(libc_a-puts.o)
                0x0800481c                puts
 .text.memset   0x0800482c       0x10 /Applications/STM32CubeIDE.app/Contents/Eclipse/plugins/com.st.stm32cube.ide.mcu.externaltools.gnu-tools-for-stm32.12.3.rel1.macos64_1.0.100.202403111906/tools/bin/../lib/gcc/arm-none-eabi/12.3.1/../../../../arm-none-eabi/lib/thumb/v7e-m+fp/hard/libc_nano.a(libc_a-memset.o)
                0x0800482c                memset
 .text.__errno  0x0800483c        0xc /Applications/STM32CubeIDE.app/Contents/Eclipse/plugins/com.st.stm32cube.ide.mcu.externaltools.gnu-tools-for-stm32.12.3.rel1.macos64_1.0.100.202403111906/tools/bin/../lib/gcc/arm-none-eabi/12.3.1/../../../../arm-none-eabi/lib/thumb/v7e-m+fp/hard/libc_nano.a(libc_a-errno.o)
                0x0800483c                __errno
 .text.__libc_init_array
                0x08004848       0x48 /Applications/STM32CubeIDE.app/Contents/Eclipse/plugins/com.st.stm32cube.ide.mcu.externaltools.gnu-tools-for-stm32.12.3.rel1.macos64_1.0.100.202403111906/tools/bin/../lib/gcc/arm-none-eabi/12.3.1/../../../../arm-none-eabi/lib/thumb/v7e-m+fp/hard/libc_nano.a(libc_a-init.o)
                0x08004848                __libc_init_array
 .text.__retarget_lock_init_recursive
                0x08004890        0x2 /Applications/STM32CubeIDE.app/Contents/Eclipse/plugins/com.st.stm32cube.ide.mcu.externaltools.gnu-tools-for-stm32.12.3.rel1.macos64_1.0.100.202403111906/tools/bin/../lib/gcc/arm-none-eabi/12.3.1/../../../../arm-none-eabi/lib/thumb/v7e-m+fp/hard/libc_nano.a(libc_a-lock.o)
                0x08004890                __retarget_lock_init_recursive
 .text.__retarget_lock_acquire_recursive
                0x08004892        0x2 /Applications/STM32CubeIDE.app/Contents/Eclipse/plugins/com.st.stm32cube.ide.mcu.externaltools.gnu-tools-for-stm32.12.3.rel1.macos64_1.0.100.202403111906/tools/bin/../lib/gcc/arm-none-eabi/12.3.1/../../../../arm-none-eabi/lib/thumb/v7e-m+fp/hard/libc_nano.a(libc_a-lock.o)
                0x08004892                __retarget_lock_acquire_recursive
 .text.__retarget_lock_release_recursive
                0x08004894        0x2 /Applications/STM32CubeIDE.app/Contents/Eclipse/plugins/com.st.stm32cube.ide.mcu.externaltools.gnu-tools-for-stm32.12.3.rel1.macos64_1.0.100.202403111906/tools/bin/../lib/gcc/arm-none-eabi/12.3.1/../../../../arm-none-eabi/lib/thumb/v7e-m+fp/hard/libc_nano.a(libc_a-lock.o)
                0x08004894                __retarget_lock_release_recursive
 .text.__sfputc_r
                0x08004896       0x2e /Applications/STM32CubeIDE.app/Contents/Eclipse/plugins/com.st.stm32cube.ide.mcu.externaltools.gnu-tools-for-stm32.12.3.rel1.macos64_1.0.100.202403111906/tools/bin/../lib/gcc/arm-none-eabi/12.3.1/../../../../arm-none-eabi/lib/thumb/v7e-m+fp/hard/libc_nano.a(libc_a-nano-vfprintf.o)
 .text.__sfputs_r
                0x080048c4       0x24 /Applications/STM32CubeIDE.app/Contents/Eclipse/plugins/com.st.stm32cube.ide.mcu.externaltools.gnu-tools-for-stm32.12.3.rel1.macos64_1.0.100.202403111906/tools/bin/../lib/gcc/arm-none-eabi/12.3.1/../../../../arm-none-eabi/lib/thumb/v7e-m+fp/hard/libc_nano.a(libc_a-nano-vfprintf.o)
                0x080048c4                __sfputs_r
 .text._vfprintf_r
                0x080048e8      0x230 /Applications/STM32CubeIDE.app/Contents/Eclipse/plugins/com.st.stm32cube.ide.mcu.externaltools.gnu-tools-for-stm32.12.3.rel1.macos64_1.0.100.202403111906/tools/bin/../lib/gcc/arm-none-eabi/12.3.1/../../../../arm-none-eabi/lib/thumb/v7e-m+fp/hard/libc_nano.a(libc_a-nano-vfprintf.o)
                0x080048e8                _vfiprintf_r
                0x080048e8                _vfprintf_r
 .text.sbrk_aligned
                0x08004b18       0x44 /Applications/STM32CubeIDE.app/Contents/Eclipse/plugins/com.st.stm32cube.ide.mcu.externaltools.gnu-tools-for-stm32.12.3.rel1.macos64_1.0.100.202403111906/tools/bin/../lib/gcc/arm-none-eabi/12.3.1/../../../../arm-none-eabi/lib/thumb/v7e-m+fp/hard/libc_nano.a(libc_a-mallocr.o)
 .text._malloc_r
                0x08004b5c      0x100 /Applications/STM32CubeIDE.app/Contents/Eclipse/plugins/com.st.stm32cube.ide.mcu.externaltools.gnu-tools-for-stm32.12.3.rel1.macos64_1.0.100.202403111906/tools/bin/../lib/gcc/arm-none-eabi/12.3.1/../../../../arm-none-eabi/lib/thumb/v7e-m+fp/hard/libc_nano.a(libc_a-mallocr.o)
                0x08004b5c                _malloc_r
 .text._printf_common
                0x08004c5c       0xda /Applications/STM32CubeIDE.app/Contents/Eclipse/plugins/com.st.stm32cube.ide.mcu.externaltools.gnu-tools-for-stm32.12.3.rel1.macos64_1.0.100.202403111906/tools/bin/../lib/gcc/arm-none-eabi/12.3.1/../../../../arm-none-eabi/lib/thumb/v7e-m+fp/hard/libc_nano.a(libc_a-nano-vfprintf_i.o)
                0x08004c5c                _printf_common
 *fill*         0x08004d36        0x2 
 .text._printf_i
                0x08004d38      0x240 /Applications/STM32CubeIDE.app/Contents/Eclipse/plugins/com.st.stm32cube.ide.mcu.externaltools.gnu-tools-for-stm32.12.3.rel1.macos64_1.0.100.202403111906/tools/bin/../lib/gcc/arm-none-eabi/12.3.1/../../../../arm-none-eabi/lib/thumb/v7e-m+fp/hard/libc_nano.a(libc_a-nano-vfprintf_i.o)
                0x08004d38                _printf_i
 .text.__sflush_r
                0x08004f78      0x108 /Applications/STM32CubeIDE.app/Contents/Eclipse/plugins/com.st.stm32cube.ide.mcu.externaltools.gnu-tools-for-stm32.12.3.rel1.macos64_1.0.100.202403111906/tools/bin/../lib/gcc/arm-none-eabi/12.3.1/../../../../arm-none-eabi/lib/thumb/v7e-m+fp/hard/libc_nano.a(libc_a-fflush.o)
                0x08004f78                __sflush_r
 .text._fflush_r
                0x08005080       0x50 /Applications/STM32CubeIDE.app/Contents/Eclipse/plugins/com.st.stm32cube.ide.mcu.externaltools.gnu-tools-for-stm32.12.3.rel1.macos64_1.0.100.202403111906/tools/bin/../lib/gcc/arm-none-eabi/12.3.1/../../../../arm-none-eabi/lib/thumb/v7e-m+fp/hard/libc_nano.a(libc_a-fflush.o)
                0x08005080                _fflush_r
 .text.__malloc_lock
                0x080050d0        0xc /Applications/STM32CubeIDE.app/Contents/Eclipse/plugins/com.st.stm32cube.ide.mcu.externaltools.gnu-tools-for-stm32.12.3.rel1.macos64_1.0.100.202403111906/tools/bin/../lib/gcc/arm-none-eabi/12.3.1/../../../../arm-none-eabi/lib/thumb/v7e-m+fp/hard/libc_nano.a(libc_a-mlock.o)
                0x080050d0                __malloc_lock
 .text.__malloc_unlock
                0x080050dc        0xc /Applications/STM32CubeIDE.app/Contents/Eclipse/plugins/com.st.stm32cube.ide.mcu.externaltools.gnu-tools-for-stm32.12.3.rel1.macos64_1.0.100.202403111906/tools/bin/../lib/gcc/arm-none-eabi/12.3.1/../../../../arm-none-eabi/lib/thumb/v7e-m+fp/hard/libc_nano.a(libc_a-mlock.o)
                0x080050dc                __malloc_unlock
 .text.__sread  0x080050e8       0x22 /Applications/STM32CubeIDE.app/Contents/Eclipse/plugins/com.st.stm32cube.ide.mcu.externaltools.gnu-tools-for-stm32.12.3.rel1.macos64_1.0.100.202403111906/tools/bin/../lib/gcc/arm-none-eabi/12.3.1/../../../../arm-none-eabi/lib/thumb/v7e-m+fp/hard/libc_nano.a(libc_a-stdio.o)
                0x080050e8                __sread
 .text.__swrite
                0x0800510a       0x38 /Applications/STM32CubeIDE.app/Contents/Eclipse/plugins/com.st.stm32cube.ide.mcu.externaltools.gnu-tools-for-stm32.12.3.rel1.macos64_1.0.100.202403111906/tools/bin/../lib/gcc/arm-none-eabi/12.3.1/../../../../arm-none-eabi/lib/thumb/v7e-m+fp/hard/libc_nano.a(libc_a-stdio.o)
                0x0800510a                __swrite
 .text.__sseek  0x08005142       0x24 /Applications/STM32CubeIDE.app/Contents/Eclipse/plugins/com.st.stm32cube.ide.mcu.externaltools.gnu-tools-for-stm32.12.3.rel1.macos64_1.0.100.202403111906/tools/bin/../lib/gcc/arm-none-eabi/12.3.1/../../../../arm-none-eabi/lib/thumb/v7e-m+fp/hard/libc_nano.a(libc_a-stdio.o)
                0x08005142                __sseek
 .text.__sclose
                0x08005166        0x8 /Applications/STM32CubeIDE.app/Contents/Eclipse/plugins/com.st.stm32cube.ide.mcu.externaltools.gnu-tools-for-stm32.12.3.rel1.macos64_1.0.100.202403111906/tools/bin/../lib/gcc/arm-none-eabi/12.3.1/../../../../arm-none-eabi/lib/thumb/v7e-m+fp/hard/libc_nano.a(libc_a-stdio.o)
                0x08005166                __sclose
 .text.__swbuf_r
                0x0800516e       0x7c /Applications/STM32CubeIDE.app/Contents/Eclipse/plugins/com.st.stm32cube.ide.mcu.externaltools.gnu-tools-for-stm32.12.3.rel1.macos64_1.0.100.202403111906/tools/bin/../lib/gcc/arm-none-eabi/12.3.1/../../../../arm-none-eabi/lib/thumb/v7e-m+fp/hard/libc_nano.a(libc_a-wbuf.o)
                0x0800516e                __swbuf_r
 *fill*         0x080051ea        0x2 
 .text.__swsetup_r
                0x080051ec       0xac /Applications/STM32CubeIDE.app/Contents/Eclipse/plugins/com.st.stm32cube.ide.mcu.externaltools.gnu-tools-for-stm32.12.3.rel1.macos64_1.0.100.202403111906/tools/bin/../lib/gcc/arm-none-eabi/12.3.1/../../../../arm-none-eabi/lib/thumb/v7e-m+fp/hard/libc_nano.a(libc_a-wsetup.o)
                0x080051ec                __swsetup_r
 .text.__swhatbuf_r
                0x08005298       0x4c /Applications/STM32CubeIDE.app/Contents/Eclipse/plugins/com.st.stm32cube.ide.mcu.externaltools.gnu-tools-for-stm32.12.3.rel1.macos64_1.0.100.202403111906/tools/bin/../lib/gcc/arm-none-eabi/12.3.1/../../../../arm-none-eabi/lib/thumb/v7e-m+fp/hard/libc_nano.a(libc_a-makebuf.o)
                0x08005298                __swhatbuf_r
 .text.__smakebuf_r
                0x080052e4       0x78 /Applications/STM32CubeIDE.app/Contents/Eclipse/plugins/com.st.stm32cube.ide.mcu.externaltools.gnu-tools-for-stm32.12.3.rel1.macos64_1.0.100.202403111906/tools/bin/../lib/gcc/arm-none-eabi/12.3.1/../../../../arm-none-eabi/lib/thumb/v7e-m+fp/hard/libc_nano.a(libc_a-makebuf.o)
                0x080052e4                __smakebuf_r
 .text._close_r
                0x0800535c       0x20 /Applications/STM32CubeIDE.app/Contents/Eclipse/plugins/com.st.stm32cube.ide.mcu.externaltools.gnu-tools-for-stm32.12.3.rel1.macos64_1.0.100.202403111906/tools/bin/../lib/gcc/arm-none-eabi/12.3.1/../../../../arm-none-eabi/lib/thumb/v7e-m+fp/hard/libc_nano.a(libc_a-closer.o)
                0x0800535c                _close_r
 .text._fstat_r
                0x0800537c       0x24 /Applications/STM32CubeIDE.app/Contents/Eclipse/plugins/com.st.stm32cube.ide.mcu.externaltools.gnu-tools-for-stm32.12.3.rel1.macos64_1.0.100.202403111906/tools/bin/../lib/gcc/arm-none-eabi/12.3.1/../../../../arm-none-eabi/lib/thumb/v7e-m+fp/hard/libc_nano.a(libc_a-fstatr.o)
                0x0800537c                _fstat_r
 .text._isatty_r
                0x080053a0       0x20 /Applications/STM32CubeIDE.app/Contents/Eclipse/plugins/com.st.stm32cube.ide.mcu.externaltools.gnu-tools-for-stm32.12.3.rel1.macos64_1.0.100.202403111906/tools/bin/../lib/gcc/arm-none-eabi/12.3.1/../../../../arm-none-eabi/lib/thumb/v7e-m+fp/hard/libc_nano.a(libc_a-isattyr.o)
                0x080053a0                _isatty_r
 .text._lseek_r
                0x080053c0       0x24 /Applications/STM32CubeIDE.app/Contents/Eclipse/plugins/com.st.stm32cube.ide.mcu.externaltools.gnu-tools-for-stm32.12.3.rel1.macos64_1.0.100.202403111906/tools/bin/../lib/gcc/arm-none-eabi/12.3.1/../../../../arm-none-eabi/lib/thumb/v7e-m+fp/hard/libc_nano.a(libc_a-lseekr.o)
                0x080053c0                _lseek_r
 .text._read_r  0x080053e4       0x24 /Applications/STM32CubeIDE.app/Contents/Eclipse/plugins/com.st.stm32cube.ide.mcu.externaltools.gnu-tools-for-stm32.12.3.rel1.macos64_1.0.100.202403111906/tools/bin/../lib/gcc/arm-none-eabi/12.3.1/../../../../arm-none-eabi/lib/thumb/v7e-m+fp/hard/libc_nano.a(libc_a-readr.o)
                0x080053e4                _read_r
 .text._sbrk_r  0x08005408       0x20 /Applications/STM32CubeIDE.app/Contents/Eclipse/plugins/com.st.stm32cube.ide.mcu.externaltools.gnu-tools-for-stm32.12.3.rel1.macos64_1.0.100.202403111906/tools/bin/../lib/gcc/arm-none-eabi/12.3.1/../../../../arm-none-eabi/lib/thumb/v7e-m+fp/hard/libc_nano.a(libc_a-sbrkr.o)
                0x08005408                _sbrk_r
 .text._write_r
                0x08005428       0x24 /Applications/STM32CubeIDE.app/Contents/Eclipse/plugins/com.st.stm32cube.ide.mcu.externaltools.gnu-tools-for-stm32.12.3.rel1.macos64_1.0.100.202403111906/tools/bin/../lib/gcc/arm-none-eabi/12.3.1/../../../../arm-none-eabi/lib/thumb/v7e-m+fp/hard/libc_nano.a(libc_a-writer.o)
                0x08005428                _write_r
 .text._free_r  0x0800544c       0x94 /Applications/STM32CubeIDE.app/Contents/Eclipse/plugins/com.st.stm32cube.ide.mcu.externaltools.gnu-tools-for-stm32.12.3.rel1.macos64_1.0.100.202403111906/tools/bin/../lib/gcc/arm-none-eabi/12.3.1/../../../../arm-none-eabi/lib/thumb/v7e-m+fp/hard/libc_nano.a(libc_a-freer.o)
                0x0800544c                _free_r
 .text.round    0x080054e0       0x8c /Applications/STM32CubeIDE.app/Contents/Eclipse/plugins/com.st.stm32cube.ide.mcu.externaltools.gnu-tools-for-stm32.12.3.rel1.macos64_1.0.100.202403111906/tools/bin/../lib/gcc/arm-none-eabi/12.3.1/../../../../arm-none-eabi/lib/thumb/v7e-m+fp/hard/libm.a(libm_a-s_round.o)
                0x080054e0                round
 *(.glue_7)
 .glue_7        0x0800556c        0x0 linker stubs
 *(.glue_7t)
 .glue_7t       0x0800556c        0x0 linker stubs
 *(.eh_frame)
 .eh_frame      0x0800556c        0x0 /Applications/STM32CubeIDE.app/Contents/Eclipse/plugins/com.st.stm32cube.ide.mcu.externaltools.gnu-tools-for-stm32.12.3.rel1.macos64_1.0.100.202403111906/tools/bin/../lib/gcc/arm-none-eabi/12.3.1/thumb/v7e-m+fp/hard/crtbegin.o
 *(.init)
 .init          0x0800556c        0x4 /Applications/STM32CubeIDE.app/Contents/Eclipse/plugins/com.st.stm32cube.ide.mcu.externaltools.gnu-tools-for-stm32.12.3.rel1.macos64_1.0.100.202403111906/tools/bin/../lib/gcc/arm-none-eabi/12.3.1/thumb/v7e-m+fp/hard/crti.o
                0x0800556c                _init
 .init          0x08005570        0x8 /Applications/STM32CubeIDE.app/Contents/Eclipse/plugins/com.st.stm32cube.ide.mcu.externaltools.gnu-tools-for-stm32.12.3.rel1.macos64_1.0.100.202403111906/tools/bin/../lib/gcc/arm-none-eabi/12.3.1/thumb/v7e-m+fp/hard/crtn.o
 *(.fini)
 .fini          0x08005578        0x4 /Applications/STM32CubeIDE.app/Contents/Eclipse/plugins/com.st.stm32cube.ide.mcu.externaltools.gnu-tools-for-stm32.12.3.rel1.macos64_1.0.100.202403111906/tools/bin/../lib/gcc/arm-none-eabi/12.3.1/thumb/v7e-m+fp/hard/crti.o
                0x08005578                _fini
 .fini          0x0800557c        0x8 /Applications/STM32CubeIDE.app/Contents/Eclipse/plugins/com.st.stm32cube.ide.mcu.externaltools.gnu-tools-for-stm32.12.3.rel1.macos64_1.0.100.202403111906/tools/bin/../lib/gcc/arm-none-eabi/12.3.1/thumb/v7e-m+fp/hard/crtn.o
                0x08005584                        . = ALIGN (0x4)
                0x08005584                        _etext = .

.vfp11_veneer   0x08005584        0x0
 .vfp11_veneer  0x08005584        0x0 linker stubs

.v4_bx          0x08005584        0x0
 .v4_bx         0x08005584        0x0 linker stubs

.iplt           0x08005584        0x0
 .iplt          0x08005584        0x0 /Applications/STM32CubeIDE.app/Contents/Eclipse/plugins/com.st.stm32cube.ide.mcu.externaltools.gnu-tools-for-stm32.12.3.rel1.macos64_1.0.100.202403111906/tools/bin/../lib/gcc/arm-none-eabi/12.3.1/thumb/v7e-m+fp/hard/crtbegin.o

.rodata         0x08005584      0x188
                0x08005584                        . = ALIGN (0x4)
 *(.rodata)
 .rodata        0x08005584      0x13a /Users/leonxu/Downloads/updated_test_objectfiles/test10.o
 *(.rodata*)
 *fill*         0x080056be        0x2 
 .rodata.AHBPrescTable
                0x080056c0       0x10 ./Core/Src/system_stm32f4xx.o
                0x080056c0                AHBPrescTable
 .rodata.APBPrescTable
                0x080056d0        0x8 ./Core/Src/system_stm32f4xx.o
                0x080056d0                APBPrescTable
 .rodata._vfprintf_r.str1.1
                0x080056d8       0x11 /Applications/STM32CubeIDE.app/Contents/Eclipse/plugins/com.st.stm32cube.ide.mcu.externaltools.gnu-tools-for-stm32.12.3.rel1.macos64_1.0.100.202403111906/tools/bin/../lib/gcc/arm-none-eabi/12.3.1/../../../../arm-none-eabi/lib/thumb/v7e-m+fp/hard/libc_nano.a(libc_a-nano-vfprintf.o)
 .rodata._printf_i.str1.1
                0x080056e9       0x22 /Applications/STM32CubeIDE.app/Contents/Eclipse/plugins/com.st.stm32cube.ide.mcu.externaltools.gnu-tools-for-stm32.12.3.rel1.macos64_1.0.100.202403111906/tools/bin/../lib/gcc/arm-none-eabi/12.3.1/../../../../arm-none-eabi/lib/thumb/v7e-m+fp/hard/libc_nano.a(libc_a-nano-vfprintf_i.o)
                0x0800570c                        . = ALIGN (0x4)
 *fill*         0x0800570b        0x1 

.ARM.extab      0x0800570c        0x0
                0x0800570c                        . = ALIGN (0x4)
 *(.ARM.extab* .gnu.linkonce.armextab.*)
                0x0800570c                        . = ALIGN (0x4)

.ARM            0x0800570c        0x8
                0x0800570c                        . = ALIGN (0x4)
                0x0800570c                        __exidx_start = .
 *(.ARM.exidx*)
 .ARM.exidx     0x0800570c        0x8 /Applications/STM32CubeIDE.app/Contents/Eclipse/plugins/com.st.stm32cube.ide.mcu.externaltools.gnu-tools-for-stm32.12.3.rel1.macos64_1.0.100.202403111906/tools/bin/../lib/gcc/arm-none-eabi/12.3.1/../../../../arm-none-eabi/lib/thumb/v7e-m+fp/hard/libc_nano.a(libc_a-memchr.o)
 .ARM.exidx     0x08005714        0x0 /Applications/STM32CubeIDE.app/Contents/Eclipse/plugins/com.st.stm32cube.ide.mcu.externaltools.gnu-tools-for-stm32.12.3.rel1.macos64_1.0.100.202403111906/tools/bin/../lib/gcc/arm-none-eabi/12.3.1/thumb/v7e-m+fp/hard/libgcc.a(_udivmoddi4.o)
                                  0x8 (size before relaxing)
                0x08005714                        __exidx_end = .
                0x08005714                        . = ALIGN (0x4)

.rel.dyn        0x08005714        0x0
 .rel.iplt      0x08005714        0x0 /Applications/STM32CubeIDE.app/Contents/Eclipse/plugins/com.st.stm32cube.ide.mcu.externaltools.gnu-tools-for-stm32.12.3.rel1.macos64_1.0.100.202403111906/tools/bin/../lib/gcc/arm-none-eabi/12.3.1/thumb/v7e-m+fp/hard/crtbegin.o

.preinit_array  0x08005714        0x0
                0x08005714                        . = ALIGN (0x4)
                0x08005714                        PROVIDE (__preinit_array_start = .)
 *(.preinit_array*)
                0x08005714                        PROVIDE (__preinit_array_end = .)
                0x08005714                        . = ALIGN (0x4)

.init_array     0x08005714        0x4
                0x08005714                        . = ALIGN (0x4)
                0x08005714                        PROVIDE (__init_array_start = .)
 *(SORT_BY_NAME(.init_array.*))
 *(.init_array*)
 .init_array    0x08005714        0x4 /Applications/STM32CubeIDE.app/Contents/Eclipse/plugins/com.st.stm32cube.ide.mcu.externaltools.gnu-tools-for-stm32.12.3.rel1.macos64_1.0.100.202403111906/tools/bin/../lib/gcc/arm-none-eabi/12.3.1/thumb/v7e-m+fp/hard/crtbegin.o
                0x08005718                        PROVIDE (__init_array_end = .)
                0x08005718                        . = ALIGN (0x4)

.fini_array     0x08005718        0x4
                0x08005718                        . = ALIGN (0x4)
                [!provide]                        PROVIDE (__fini_array_start = .)
 *(SORT_BY_NAME(.fini_array.*))
 *(.fini_array*)
 .fini_array    0x08005718        0x4 /Applications/STM32CubeIDE.app/Contents/Eclipse/plugins/com.st.stm32cube.ide.mcu.externaltools.gnu-tools-for-stm32.12.3.rel1.macos64_1.0.100.202403111906/tools/bin/../lib/gcc/arm-none-eabi/12.3.1/thumb/v7e-m+fp/hard/crtbegin.o
                [!provide]                        PROVIDE (__fini_array_end = .)
                0x0800571c                        . = ALIGN (0x4)
                0x0800571c                        _sidata = LOADADDR (.data)

.data           0x20000000       0x68 load address 0x0800571c
                0x20000000                        . = ALIGN (0x4)
                0x20000000                        _sdata = .
 *(.data)
 *(.data*)
 .data.SystemCoreClock
                0x20000000        0x4 ./Core/Src/system_stm32f4xx.o
                0x20000000                SystemCoreClock
 .data.uwTickPrio
                0x20000004        0x4 ./Drivers/STM32F4xx_HAL_Driver/Src/stm32f4xx_hal.o
                0x20000004                uwTickPrio
 .data.uwTickFreq
                0x20000008        0x1 ./Drivers/STM32F4xx_HAL_Driver/Src/stm32f4xx_hal.o
                0x20000008                uwTickFreq
 *fill*         0x20000009        0x3 
 .data.__sglue  0x2000000c        0xc /Applications/STM32CubeIDE.app/Contents/Eclipse/plugins/com.st.stm32cube.ide.mcu.externaltools.gnu-tools-for-stm32.12.3.rel1.macos64_1.0.100.202403111906/tools/bin/../lib/gcc/arm-none-eabi/12.3.1/../../../../arm-none-eabi/lib/thumb/v7e-m+fp/hard/libc_nano.a(libc_a-findfp.o)
                0x2000000c                __sglue
 .data._impure_ptr
                0x20000018        0x4 /Applications/STM32CubeIDE.app/Contents/Eclipse/plugins/com.st.stm32cube.ide.mcu.externaltools.gnu-tools-for-stm32.12.3.rel1.macos64_1.0.100.202403111906/tools/bin/../lib/gcc/arm-none-eabi/12.3.1/../../../../arm-none-eabi/lib/thumb/v7e-m+fp/hard/libc_nano.a(libc_a-impure.o)
                0x20000018                _impure_ptr
 .data._impure_data
                0x2000001c       0x4c /Applications/STM32CubeIDE.app/Contents/Eclipse/plugins/com.st.stm32cube.ide.mcu.externaltools.gnu-tools-for-stm32.12.3.rel1.macos64_1.0.100.202403111906/tools/bin/../lib/gcc/arm-none-eabi/12.3.1/../../../../arm-none-eabi/lib/thumb/v7e-m+fp/hard/libc_nano.a(libc_a-impure.o)
                0x2000001c                _impure_data
 *(.RamFunc)
 *(.RamFunc*)
                0x20000068                        . = ALIGN (0x4)
                0x20000068                        _edata = .

.igot.plt       0x20000068        0x0 load address 0x08005784
 .igot.plt      0x20000068        0x0 /Applications/STM32CubeIDE.app/Contents/Eclipse/plugins/com.st.stm32cube.ide.mcu.externaltools.gnu-tools-for-stm32.12.3.rel1.macos64_1.0.100.202403111906/tools/bin/../lib/gcc/arm-none-eabi/12.3.1/thumb/v7e-m+fp/hard/crtbegin.o
                0x20000068                        . = ALIGN (0x4)

.bss            0x20000068      0x7a8 load address 0x08005784
                0x20000068                        _sbss = .
                0x20000068                        __bss_start__ = _sbss
 *(.bss)
 .bss           0x20000068       0x1c /Applications/STM32CubeIDE.app/Contents/Eclipse/plugins/com.st.stm32cube.ide.mcu.externaltools.gnu-tools-for-stm32.12.3.rel1.macos64_1.0.100.202403111906/tools/bin/../lib/gcc/arm-none-eabi/12.3.1/thumb/v7e-m+fp/hard/crtbegin.o
 *(.bss*)
 .bss.freeListArray
                0x20000084       0x2c ./Core/Src/bit_array.o
                0x20000084                freeListArray
 .bss.kernelInitialized
                0x200000b0        0x4 ./Core/Src/globals.o
                0x200000b0                kernelInitialized
 .bss.stackPointer
                0x200000b4        0x4 ./Core/Src/globals.o
                0x200000b4                stackPointer
 .bss.runningTask
                0x200000b8        0x4 ./Core/Src/globals.o
                0x200000b8                runningTask
 .bss.kernelStarted
                0x200000bc        0x4 ./Core/Src/globals.o
                0x200000bc                kernelStarted
 .bss.timerResume
                0x200000c0        0x4 ./Core/Src/globals.o
                0x200000c0                timerResume
 .bss.memoryInitialized
                0x200000c4        0x4 ./Core/Src/globals.o
                0x200000c4                memoryInitialized
 .bss.kernelTIDdispenser
                0x200000c8       0x48 ./Core/Src/osFunctions.o
                0x200000c8                kernelTIDdispenser
 .bss.kernelTIDdispenserQueue
                0x20000110        0xc ./Core/Src/osFunctions.o
                0x20000110                kernelTIDdispenserQueue
 .bss.svc_number
                0x2000011c        0x4 ./Core/Src/stm32f4xx_it.o
                0x2000011c                svc_number
 .bss.__sbrk_heap_end
                0x20000120        0x4 ./Core/Src/sysmem.o
 .bss.kernelTaskScheduler
                0x20000124       0x44 ./Core/Src/task_scheduler.o
                0x20000124                kernelTaskScheduler
 .bss.kernelTaskSchedulerHeap
                0x20000168        0x8 ./Core/Src/task_scheduler.o
                0x20000168                kernelTaskSchedulerHeap
 .bss.kernelSleepTaskScheduler
                0x20000170       0x44 ./Core/Src/task_scheduler.o
                0x20000170                kernelSleepTaskScheduler
 .bss.kernelSleepTaskSchedulerHeap
                0x200001b4        0x8 ./Core/Src/task_scheduler.o
                0x200001b4                kernelSleepTaskSchedulerHeap
 .bss.kernelTCBarray
                0x200001bc       0x84 ./Core/Src/tcb_array.o
                0x200001bc                kernelTCBarray
 .bss.tcbs      0x20000240      0x3c0 ./Core/Src/tcb_array.o
                0x20000240                tcbs
 .bss.huart2    0x20000600       0x44 ./Core/Src/util.o
                0x20000600                huart2
 .bss.uwTick    0x20000644        0x4 ./Drivers/STM32F4xx_HAL_Driver/Src/stm32f4xx_hal.o
                0x20000644                uwTick
 .bss.i_timestamps_A
                0x20000648       0x28 /Users/leonxu/Downloads/updated_test_objectfiles/test10.o
                0x20000648                i_timestamps_A
 .bss.i_timestamps_B_start
                0x20000670       0x28 /Users/leonxu/Downloads/updated_test_objectfiles/test10.o
                0x20000670                i_timestamps_B_start
 .bss.i_timestamps_B_end
                0x20000698       0x28 /Users/leonxu/Downloads/updated_test_objectfiles/test10.o
                0x20000698                i_timestamps_B_end
 .bss.i_start_timestamp
                0x200006c0        0x4 /Users/leonxu/Downloads/updated_test_objectfiles/test10.o
                0x200006c0                i_start_timestamp
 .bss.__sf      0x200006c4      0x138 /Applications/STM32CubeIDE.app/Contents/Eclipse/plugins/com.st.stm32cube.ide.mcu.externaltools.gnu-tools-for-stm32.12.3.rel1.macos64_1.0.100.202403111906/tools/bin/../lib/gcc/arm-none-eabi/12.3.1/../../../../arm-none-eabi/lib/thumb/v7e-m+fp/hard/libc_nano.a(libc_a-findfp.o)
                0x200006c4                __sf
 .bss.__stdio_exit_handler
                0x200007fc        0x4 /Applications/STM32CubeIDE.app/Contents/Eclipse/plugins/com.st.stm32cube.ide.mcu.externaltools.gnu-tools-for-stm32.12.3.rel1.macos64_1.0.100.202403111906/tools/bin/../lib/gcc/arm-none-eabi/12.3.1/../../../../arm-none-eabi/lib/thumb/v7e-m+fp/hard/libc_nano.a(libc_a-findfp.o)
                0x200007fc                __stdio_exit_handler
 .bss.__lock___malloc_recursive_mutex
                0x20000800        0x1 /Applications/STM32CubeIDE.app/Contents/Eclipse/plugins/com.st.stm32cube.ide.mcu.externaltools.gnu-tools-for-stm32.12.3.rel1.macos64_1.0.100.202403111906/tools/bin/../lib/gcc/arm-none-eabi/12.3.1/../../../../arm-none-eabi/lib/thumb/v7e-m+fp/hard/libc_nano.a(libc_a-lock.o)
                0x20000800                __lock___malloc_recursive_mutex
 .bss.__lock___sfp_recursive_mutex
                0x20000801        0x1 /Applications/STM32CubeIDE.app/Contents/Eclipse/plugins/com.st.stm32cube.ide.mcu.externaltools.gnu-tools-for-stm32.12.3.rel1.macos64_1.0.100.202403111906/tools/bin/../lib/gcc/arm-none-eabi/12.3.1/../../../../arm-none-eabi/lib/thumb/v7e-m+fp/hard/libc_nano.a(libc_a-lock.o)
                0x20000801                __lock___sfp_recursive_mutex
 *fill*         0x20000802        0x2 
 .bss.__malloc_sbrk_start
                0x20000804        0x4 /Applications/STM32CubeIDE.app/Contents/Eclipse/plugins/com.st.stm32cube.ide.mcu.externaltools.gnu-tools-for-stm32.12.3.rel1.macos64_1.0.100.202403111906/tools/bin/../lib/gcc/arm-none-eabi/12.3.1/../../../../arm-none-eabi/lib/thumb/v7e-m+fp/hard/libc_nano.a(libc_a-mallocr.o)
                0x20000804                __malloc_sbrk_start
 .bss.__malloc_free_list
                0x20000808        0x4 /Applications/STM32CubeIDE.app/Contents/Eclipse/plugins/com.st.stm32cube.ide.mcu.externaltools.gnu-tools-for-stm32.12.3.rel1.macos64_1.0.100.202403111906/tools/bin/../lib/gcc/arm-none-eabi/12.3.1/../../../../arm-none-eabi/lib/thumb/v7e-m+fp/hard/libc_nano.a(libc_a-mallocr.o)
                0x20000808                __malloc_free_list
 .bss.errno     0x2000080c        0x4 /Applications/STM32CubeIDE.app/Contents/Eclipse/plugins/com.st.stm32cube.ide.mcu.externaltools.gnu-tools-for-stm32.12.3.rel1.macos64_1.0.100.202403111906/tools/bin/../lib/gcc/arm-none-eabi/12.3.1/../../../../arm-none-eabi/lib/thumb/v7e-m+fp/hard/libc_nano.a(libc_a-reent.o)
                0x2000080c                errno
 *(COMMON)
                0x20000810                        . = ALIGN (0x4)
                0x20000810                        _ebss = .
                0x20000810                        __bss_end__ = _ebss

._user_heap_stack
                0x20000810     0x8000 load address 0x08005784
                0x20000810                        . = ALIGN (0x8)
                [!provide]                        PROVIDE (end = .)
                0x20000810                        PROVIDE (_end = .)
                0x20004810                        . = (. + _Min_Heap_Size)
 *fill*         0x20000810     0x4000 
                0x20008810                        . = (. + _Min_Stack_Size)
 *fill*         0x20004810     0x4000 
                0x20008810                        . = ALIGN (0x8)
                0x20008810                        _img_end = .

/DISCARD/
 libc.a(*)
 libm.a(*)
 libgcc.a(*)

.ARM.attributes
                0x00000000       0x30
 *(.ARM.attributes)
 .ARM.attributes
                0x00000000       0x22 /Applications/STM32CubeIDE.app/Contents/Eclipse/plugins/com.st.stm32cube.ide.mcu.externaltools.gnu-tools-for-stm32.12.3.rel1.macos64_1.0.100.202403111906/tools/bin/../lib/gcc/arm-none-eabi/12.3.1/thumb/v7e-m+fp/hard/crti.o
 .ARM.attributes
                0x00000022       0x34 /Applications/STM32CubeIDE.app/Contents/Eclipse/plugins/com.st.stm32cube.ide.mcu.externaltools.gnu-tools-for-stm32.12.3.rel1.macos64_1.0.100.202403111906/tools/bin/../lib/gcc/arm-none-eabi/12.3.1/thumb/v7e-m+fp/hard/crtbegin.o
 .ARM.attributes
                0x00000056       0x34 ./Core/Src/bit_array.o
 .ARM.attributes
                0x0000008a       0x34 ./Core/Src/globals.o
 .ARM.attributes
                0x000000be       0x34 ./Core/Src/k_mem.o
 .ARM.attributes
                0x000000f2       0x34 ./Core/Src/osFunctions.o
 .ARM.attributes
                0x00000126       0x34 ./Core/Src/stm32f4xx_hal_msp.o
 .ARM.attributes
                0x0000015a       0x34 ./Core/Src/stm32f4xx_it.o
 .ARM.attributes
                0x0000018e       0x20 ./Core/Src/svc_handler.o
 .ARM.attributes
                0x000001ae       0x34 ./Core/Src/syscalls.o
 .ARM.attributes
                0x000001e2       0x34 ./Core/Src/sysmem.o
 .ARM.attributes
                0x00000216       0x34 ./Core/Src/system_stm32f4xx.o
 .ARM.attributes
                0x0000024a       0x34 ./Core/Src/task_scheduler.o
 .ARM.attributes
                0x0000027e       0x34 ./Core/Src/tcb_array.o
 .ARM.attributes
                0x000002b2       0x34 ./Core/Src/util.o
 .ARM.attributes
                0x000002e6       0x21 ./Core/Startup/startup_stm32f401retx.o
 .ARM.attributes
                0x00000307       0x34 ./Drivers/STM32F4xx_HAL_Driver/Src/stm32f4xx_hal.o
 .ARM.attributes
                0x0000033b       0x34 ./Drivers/STM32F4xx_HAL_Driver/Src/stm32f4xx_hal_cortex.o
 .ARM.attributes
                0x0000036f       0x34 ./Drivers/STM32F4xx_HAL_Driver/Src/stm32f4xx_hal_gpio.o
 .ARM.attributes
                0x000003a3       0x34 ./Drivers/STM32F4xx_HAL_Driver/Src/stm32f4xx_hal_rcc.o
 .ARM.attributes
                0x000003d7       0x34 ./Drivers/STM32F4xx_HAL_Driver/Src/stm32f4xx_hal_uart.o
 .ARM.attributes
                0x0000040b       0x34 /Users/leonxu/Downloads/updated_test_objectfiles/test10.o
 .ARM.attributes
                0x0000043f       0x34 /Applications/STM32CubeIDE.app/Contents/Eclipse/plugins/com.st.stm32cube.ide.mcu.externaltools.gnu-tools-for-stm32.12.3.rel1.macos64_1.0.100.202403111906/tools/bin/../lib/gcc/arm-none-eabi/12.3.1/../../../../arm-none-eabi/lib/thumb/v7e-m+fp/hard/libc_nano.a(libc_a-findfp.o)
 .ARM.attributes
                0x00000473       0x34 /Applications/STM32CubeIDE.app/Contents/Eclipse/plugins/com.st.stm32cube.ide.mcu.externaltools.gnu-tools-for-stm32.12.3.rel1.macos64_1.0.100.202403111906/tools/bin/../lib/gcc/arm-none-eabi/12.3.1/../../../../arm-none-eabi/lib/thumb/v7e-m+fp/hard/libc_nano.a(libc_a-fwalk.o)
 .ARM.attributes
                0x000004a7       0x34 /Applications/STM32CubeIDE.app/Contents/Eclipse/plugins/com.st.stm32cube.ide.mcu.externaltools.gnu-tools-for-stm32.12.3.rel1.macos64_1.0.100.202403111906/tools/bin/../lib/gcc/arm-none-eabi/12.3.1/../../../../arm-none-eabi/lib/thumb/v7e-m+fp/hard/libc_nano.a(libc_a-printf.o)
 .ARM.attributes
                0x000004db       0x34 /Applications/STM32CubeIDE.app/Contents/Eclipse/plugins/com.st.stm32cube.ide.mcu.externaltools.gnu-tools-for-stm32.12.3.rel1.macos64_1.0.100.202403111906/tools/bin/../lib/gcc/arm-none-eabi/12.3.1/../../../../arm-none-eabi/lib/thumb/v7e-m+fp/hard/libc_nano.a(libc_a-puts.o)
 .ARM.attributes
                0x0000050f       0x34 /Applications/STM32CubeIDE.app/Contents/Eclipse/plugins/com.st.stm32cube.ide.mcu.externaltools.gnu-tools-for-stm32.12.3.rel1.macos64_1.0.100.202403111906/tools/bin/../lib/gcc/arm-none-eabi/12.3.1/../../../../arm-none-eabi/lib/thumb/v7e-m+fp/hard/libc_nano.a(libc_a-memset.o)
 .ARM.attributes
                0x00000543       0x34 /Applications/STM32CubeIDE.app/Contents/Eclipse/plugins/com.st.stm32cube.ide.mcu.externaltools.gnu-tools-for-stm32.12.3.rel1.macos64_1.0.100.202403111906/tools/bin/../lib/gcc/arm-none-eabi/12.3.1/../../../../arm-none-eabi/lib/thumb/v7e-m+fp/hard/libc_nano.a(libc_a-impure.o)
 .ARM.attributes
                0x00000577       0x34 /Applications/STM32CubeIDE.app/Contents/Eclipse/plugins/com.st.stm32cube.ide.mcu.externaltools.gnu-tools-for-stm32.12.3.rel1.macos64_1.0.100.202403111906/tools/bin/../lib/gcc/arm-none-eabi/12.3.1/../../../../arm-none-eabi/lib/thumb/v7e-m+fp/hard/libc_nano.a(libc_a-errno.o)
 .ARM.attributes
                0x000005ab       0x34 /Applications/STM32CubeIDE.app/Contents/Eclipse/plugins/com.st.stm32cube.ide.mcu.externaltools.gnu-tools-for-stm32.12.3.rel1.macos64_1.0.100.202403111906/tools/bin/../lib/gcc/arm-none-eabi/12.3.1/../../../../arm-none-eabi/lib/thumb/v7e-m+fp/hard/libc_nano.a(libc_a-init.o)
 .ARM.attributes
                0x000005df       0x34 /Applications/STM32CubeIDE.app/Contents/Eclipse/plugins/com.st.stm32cube.ide.mcu.externaltools.gnu-tools-for-stm32.12.3.rel1.macos64_1.0.100.202403111906/tools/bin/../lib/gcc/arm-none-eabi/12.3.1/../../../../arm-none-eabi/lib/thumb/v7e-m+fp/hard/libc_nano.a(libc_a-lock.o)
 .ARM.attributes
                0x00000613       0x34 /Applications/STM32CubeIDE.app/Contents/Eclipse/plugins/com.st.stm32cube.ide.mcu.externaltools.gnu-tools-for-stm32.12.3.rel1.macos64_1.0.100.202403111906/tools/bin/../lib/gcc/arm-none-eabi/12.3.1/../../../../arm-none-eabi/lib/thumb/v7e-m+fp/hard/libc_nano.a(libc_a-nano-vfprintf.o)
 .ARM.attributes
                0x00000647       0x34 /Applications/STM32CubeIDE.app/Contents/Eclipse/plugins/com.st.stm32cube.ide.mcu.externaltools.gnu-tools-for-stm32.12.3.rel1.macos64_1.0.100.202403111906/tools/bin/../lib/gcc/arm-none-eabi/12.3.1/../../../../arm-none-eabi/lib/thumb/v7e-m+fp/hard/libc_nano.a(libc_a-mallocr.o)
 .ARM.attributes
                0x0000067b       0x34 /Applications/STM32CubeIDE.app/Contents/Eclipse/plugins/com.st.stm32cube.ide.mcu.externaltools.gnu-tools-for-stm32.12.3.rel1.macos64_1.0.100.202403111906/tools/bin/../lib/gcc/arm-none-eabi/12.3.1/../../../../arm-none-eabi/lib/thumb/v7e-m+fp/hard/libc_nano.a(libc_a-nano-vfprintf_i.o)
 .ARM.attributes
                0x000006af       0x34 /Applications/STM32CubeIDE.app/Contents/Eclipse/plugins/com.st.stm32cube.ide.mcu.externaltools.gnu-tools-for-stm32.12.3.rel1.macos64_1.0.100.202403111906/tools/bin/../lib/gcc/arm-none-eabi/12.3.1/../../../../arm-none-eabi/lib/thumb/v7e-m+fp/hard/libc_nano.a(libc_a-fflush.o)
 .ARM.attributes
                0x000006e3       0x34 /Applications/STM32CubeIDE.app/Contents/Eclipse/plugins/com.st.stm32cube.ide.mcu.externaltools.gnu-tools-for-stm32.12.3.rel1.macos64_1.0.100.202403111906/tools/bin/../lib/gcc/arm-none-eabi/12.3.1/../../../../arm-none-eabi/lib/thumb/v7e-m+fp/hard/libc_nano.a(libc_a-mlock.o)
 .ARM.attributes
                0x00000717       0x34 /Applications/STM32CubeIDE.app/Contents/Eclipse/plugins/com.st.stm32cube.ide.mcu.externaltools.gnu-tools-for-stm32.12.3.rel1.macos64_1.0.100.202403111906/tools/bin/../lib/gcc/arm-none-eabi/12.3.1/../../../../arm-none-eabi/lib/thumb/v7e-m+fp/hard/libc_nano.a(libc_a-stdio.o)
 .ARM.attributes
                0x0000074b       0x34 /Applications/STM32CubeIDE.app/Contents/Eclipse/plugins/com.st.stm32cube.ide.mcu.externaltools.gnu-tools-for-stm32.12.3.rel1.macos64_1.0.100.202403111906/tools/bin/../lib/gcc/arm-none-eabi/12.3.1/../../../../arm-none-eabi/lib/thumb/v7e-m+fp/hard/libc_nano.a(libc_a-wbuf.o)
 .ARM.attributes
                0x0000077f       0x34 /Applications/STM32CubeIDE.app/Contents/Eclipse/plugins/com.st.stm32cube.ide.mcu.externaltools.gnu-tools-for-stm32.12.3.rel1.macos64_1.0.100.202403111906/tools/bin/../lib/gcc/arm-none-eabi/12.3.1/../../../../arm-none-eabi/lib/thumb/v7e-m+fp/hard/libc_nano.a(libc_a-wsetup.o)
 .ARM.attributes
                0x000007b3       0x34 /Applications/STM32CubeIDE.app/Contents/Eclipse/plugins/com.st.stm32cube.ide.mcu.externaltools.gnu-tools-for-stm32.12.3.rel1.macos64_1.0.100.202403111906/tools/bin/../lib/gcc/arm-none-eabi/12.3.1/../../../../arm-none-eabi/lib/thumb/v7e-m+fp/hard/libc_nano.a(libc_a-makebuf.o)
 .ARM.attributes
                0x000007e7       0x34 /Applications/STM32CubeIDE.app/Contents/Eclipse/plugins/com.st.stm32cube.ide.mcu.externaltools.gnu-tools-for-stm32.12.3.rel1.macos64_1.0.100.202403111906/tools/bin/../lib/gcc/arm-none-eabi/12.3.1/../../../../arm-none-eabi/lib/thumb/v7e-m+fp/hard/libc_nano.a(libc_a-closer.o)
 .ARM.attributes
                0x0000081b       0x34 /Applications/STM32CubeIDE.app/Contents/Eclipse/plugins/com.st.stm32cube.ide.mcu.externaltools.gnu-tools-for-stm32.12.3.rel1.macos64_1.0.100.202403111906/tools/bin/../lib/gcc/arm-none-eabi/12.3.1/../../../../arm-none-eabi/lib/thumb/v7e-m+fp/hard/libc_nano.a(libc_a-reent.o)
 .ARM.attributes
                0x0000084f       0x34 /Applications/STM32CubeIDE.app/Contents/Eclipse/plugins/com.st.stm32cube.ide.mcu.externaltools.gnu-tools-for-stm32.12.3.rel1.macos64_1.0.100.202403111906/tools/bin/../lib/gcc/arm-none-eabi/12.3.1/../../../../arm-none-eabi/lib/thumb/v7e-m+fp/hard/libc_nano.a(libc_a-fstatr.o)
 .ARM.attributes
                0x00000883       0x34 /Applications/STM32CubeIDE.app/Contents/Eclipse/plugins/com.st.stm32cube.ide.mcu.externaltools.gnu-tools-for-stm32.12.3.rel1.macos64_1.0.100.202403111906/tools/bin/../lib/gcc/arm-none-eabi/12.3.1/../../../../arm-none-eabi/lib/thumb/v7e-m+fp/hard/libc_nano.a(libc_a-isattyr.o)
 .ARM.attributes
                0x000008b7       0x34 /Applications/STM32CubeIDE.app/Contents/Eclipse/plugins/com.st.stm32cube.ide.mcu.externaltools.gnu-tools-for-stm32.12.3.rel1.macos64_1.0.100.202403111906/tools/bin/../lib/gcc/arm-none-eabi/12.3.1/../../../../arm-none-eabi/lib/thumb/v7e-m+fp/hard/libc_nano.a(libc_a-lseekr.o)
 .ARM.attributes
                0x000008eb       0x34 /Applications/STM32CubeIDE.app/Contents/Eclipse/plugins/com.st.stm32cube.ide.mcu.externaltools.gnu-tools-for-stm32.12.3.rel1.macos64_1.0.100.202403111906/tools/bin/../lib/gcc/arm-none-eabi/12.3.1/../../../../arm-none-eabi/lib/thumb/v7e-m+fp/hard/libc_nano.a(libc_a-readr.o)
 .ARM.attributes
                0x0000091f       0x34 /Applications/STM32CubeIDE.app/Contents/Eclipse/plugins/com.st.stm32cube.ide.mcu.externaltools.gnu-tools-for-stm32.12.3.rel1.macos64_1.0.100.202403111906/tools/bin/../lib/gcc/arm-none-eabi/12.3.1/../../../../arm-none-eabi/lib/thumb/v7e-m+fp/hard/libc_nano.a(libc_a-sbrkr.o)
 .ARM.attributes
                0x00000953       0x34 /Applications/STM32CubeIDE.app/Contents/Eclipse/plugins/com.st.stm32cube.ide.mcu.externaltools.gnu-tools-for-stm32.12.3.rel1.macos64_1.0.100.202403111906/tools/bin/../lib/gcc/arm-none-eabi/12.3.1/../../../../arm-none-eabi/lib/thumb/v7e-m+fp/hard/libc_nano.a(libc_a-writer.o)
 .ARM.attributes
                0x00000987       0x1c /Applications/STM32CubeIDE.app/Contents/Eclipse/plugins/com.st.stm32cube.ide.mcu.externaltools.gnu-tools-for-stm32.12.3.rel1.macos64_1.0.100.202403111906/tools/bin/../lib/gcc/arm-none-eabi/12.3.1/../../../../arm-none-eabi/lib/thumb/v7e-m+fp/hard/libc_nano.a(libc_a-memchr.o)
 .ARM.attributes
                0x000009a3       0x34 /Applications/STM32CubeIDE.app/Contents/Eclipse/plugins/com.st.stm32cube.ide.mcu.externaltools.gnu-tools-for-stm32.12.3.rel1.macos64_1.0.100.202403111906/tools/bin/../lib/gcc/arm-none-eabi/12.3.1/../../../../arm-none-eabi/lib/thumb/v7e-m+fp/hard/libc_nano.a(libc_a-freer.o)
 .ARM.attributes
                0x000009d7       0x34 /Applications/STM32CubeIDE.app/Contents/Eclipse/plugins/com.st.stm32cube.ide.mcu.externaltools.gnu-tools-for-stm32.12.3.rel1.macos64_1.0.100.202403111906/tools/bin/../lib/gcc/arm-none-eabi/12.3.1/../../../../arm-none-eabi/lib/thumb/v7e-m+fp/hard/libm.a(libm_a-s_round.o)
 .ARM.attributes
                0x00000a0b       0x22 /Applications/STM32CubeIDE.app/Contents/Eclipse/plugins/com.st.stm32cube.ide.mcu.externaltools.gnu-tools-for-stm32.12.3.rel1.macos64_1.0.100.202403111906/tools/bin/../lib/gcc/arm-none-eabi/12.3.1/thumb/v7e-m+fp/hard/libgcc.a(_arm_addsubdf3.o)
 .ARM.attributes
                0x00000a2d       0x22 /Applications/STM32CubeIDE.app/Contents/Eclipse/plugins/com.st.stm32cube.ide.mcu.externaltools.gnu-tools-for-stm32.12.3.rel1.macos64_1.0.100.202403111906/tools/bin/../lib/gcc/arm-none-eabi/12.3.1/thumb/v7e-m+fp/hard/libgcc.a(_arm_muldivdf3.o)
 .ARM.attributes
                0x00000a4f       0x22 /Applications/STM32CubeIDE.app/Contents/Eclipse/plugins/com.st.stm32cube.ide.mcu.externaltools.gnu-tools-for-stm32.12.3.rel1.macos64_1.0.100.202403111906/tools/bin/../lib/gcc/arm-none-eabi/12.3.1/thumb/v7e-m+fp/hard/libgcc.a(_arm_fixdfsi.o)
 .ARM.attributes
                0x00000a71       0x22 /Applications/STM32CubeIDE.app/Contents/Eclipse/plugins/com.st.stm32cube.ide.mcu.externaltools.gnu-tools-for-stm32.12.3.rel1.macos64_1.0.100.202403111906/tools/bin/../lib/gcc/arm-none-eabi/12.3.1/thumb/v7e-m+fp/hard/libgcc.a(_aeabi_uldivmod.o)
 .ARM.attributes
                0x00000a93       0x34 /Applications/STM32CubeIDE.app/Contents/Eclipse/plugins/com.st.stm32cube.ide.mcu.externaltools.gnu-tools-for-stm32.12.3.rel1.macos64_1.0.100.202403111906/tools/bin/../lib/gcc/arm-none-eabi/12.3.1/thumb/v7e-m+fp/hard/libgcc.a(_udivmoddi4.o)
 .ARM.attributes
                0x00000ac7       0x22 /Applications/STM32CubeIDE.app/Contents/Eclipse/plugins/com.st.stm32cube.ide.mcu.externaltools.gnu-tools-for-stm32.12.3.rel1.macos64_1.0.100.202403111906/tools/bin/../lib/gcc/arm-none-eabi/12.3.1/thumb/v7e-m+fp/hard/libgcc.a(_dvmd_tls.o)
 .ARM.attributes
                0x00000ae9       0x22 /Applications/STM32CubeIDE.app/Contents/Eclipse/plugins/com.st.stm32cube.ide.mcu.externaltools.gnu-tools-for-stm32.12.3.rel1.macos64_1.0.100.202403111906/tools/bin/../lib/gcc/arm-none-eabi/12.3.1/thumb/v7e-m+fp/hard/crtn.o
OUTPUT(ece350_start.elf elf32-littlearm)
LOAD linker stubs
LOAD /Applications/STM32CubeIDE.app/Contents/Eclipse/plugins/com.st.stm32cube.ide.mcu.externaltools.gnu-tools-for-stm32.12.3.rel1.macos64_1.0.100.202403111906/tools/bin/../lib/gcc/arm-none-eabi/12.3.1/../../../../arm-none-eabi/lib/thumb/v7e-m+fp/hard/libc.a
LOAD /Applications/STM32CubeIDE.app/Contents/Eclipse/plugins/com.st.stm32cube.ide.mcu.externaltools.gnu-tools-for-stm32.12.3.rel1.macos64_1.0.100.202403111906/tools/bin/../lib/gcc/arm-none-eabi/12.3.1/../../../../arm-none-eabi/lib/thumb/v7e-m+fp/hard/libm.a
LOAD /Applications/STM32CubeIDE.app/Contents/Eclipse/plugins/com.st.stm32cube.ide.mcu.externaltools.gnu-tools-for-stm32.12.3.rel1.macos64_1.0.100.202403111906/tools/bin/../lib/gcc/arm-none-eabi/12.3.1/thumb/v7e-m+fp/hard/libgcc.a

.debug_info     0x00000000     0xa66f
 .debug_info    0x00000000      0x167 ./Core/Src/bit_array.o
 .debug_info    0x00000167      0x1ff ./Core/Src/globals.o
 .debug_info    0x00000366      0x880 ./Core/Src/k_mem.o
 .debug_info    0x00000be6      0xb71 ./Core/Src/osFunctions.o
 .debug_info    0x00001757      0x90f ./Core/Src/stm32f4xx_hal_msp.o
 .debug_info    0x00002066      0x7b5 ./Core/Src/stm32f4xx_it.o
 .debug_info    0x0000281b       0x24 ./Core/Src/svc_handler.o
 .debug_info    0x0000283f      0x6a3 ./Core/Src/syscalls.o
 .debug_info    0x00002ee2      0x168 ./Core/Src/sysmem.o
 .debug_info    0x0000304a      0x53e ./Core/Src/system_stm32f4xx.o
 .debug_info    0x00003588      0x723 ./Core/Src/task_scheduler.o
 .debug_info    0x00003cab      0x4f5 ./Core/Src/tcb_array.o
 .debug_info    0x000041a0      0xbc6 ./Core/Src/util.o
 .debug_info    0x00004d66       0x30 ./Core/Startup/startup_stm32f401retx.o
 .debug_info    0x00004d96      0x8bb ./Drivers/STM32F4xx_HAL_Driver/Src/stm32f4xx_hal.o
 .debug_info    0x00005651      0xcb0 ./Drivers/STM32F4xx_HAL_Driver/Src/stm32f4xx_hal_cortex.o
 .debug_info    0x00006301      0x6f9 ./Drivers/STM32F4xx_HAL_Driver/Src/stm32f4xx_hal_gpio.o
 .debug_info    0x000069fa      0x8f3 ./Drivers/STM32F4xx_HAL_Driver/Src/stm32f4xx_hal_rcc.o
 .debug_info    0x000072ed     0x2fbf ./Drivers/STM32F4xx_HAL_Driver/Src/stm32f4xx_hal_uart.o
 .debug_info    0x0000a2ac      0x3c3 /Users/leonxu/Downloads/updated_test_objectfiles/test10.o

.debug_abbrev   0x00000000     0x257d
 .debug_abbrev  0x00000000       0xf1 ./Core/Src/bit_array.o
 .debug_abbrev  0x000000f1       0xbf ./Core/Src/globals.o
 .debug_abbrev  0x000001b0      0x251 ./Core/Src/k_mem.o
 .debug_abbrev  0x00000401      0x376 ./Core/Src/osFunctions.o
 .debug_abbrev  0x00000777      0x1c1 ./Core/Src/stm32f4xx_hal_msp.o
 .debug_abbrev  0x00000938      0x33b ./Core/Src/stm32f4xx_it.o
 .debug_abbrev  0x00000c73       0x14 ./Core/Src/svc_handler.o
 .debug_abbrev  0x00000c87      0x1b6 ./Core/Src/syscalls.o
 .debug_abbrev  0x00000e3d       0xbc ./Core/Src/sysmem.o
 .debug_abbrev  0x00000ef9      0x11a ./Core/Src/system_stm32f4xx.o
 .debug_abbrev  0x00001013      0x291 ./Core/Src/task_scheduler.o
 .debug_abbrev  0x000012a4      0x17b ./Core/Src/tcb_array.o
 .debug_abbrev  0x0000141f      0x22f ./Core/Src/util.o
 .debug_abbrev  0x0000164e       0x24 ./Core/Startup/startup_stm32f401retx.o
 .debug_abbrev  0x00001672      0x24b ./Drivers/STM32F4xx_HAL_Driver/Src/stm32f4xx_hal.o
 .debug_abbrev  0x000018bd      0x327 ./Drivers/STM32F4xx_HAL_Driver/Src/stm32f4xx_hal_cortex.o
 .debug_abbrev  0x00001be4      0x1d3 ./Drivers/STM32F4xx_HAL_Driver/Src/stm32f4xx_hal_gpio.o
 .debug_abbrev  0x00001db7      0x2b5 ./Drivers/STM32F4xx_HAL_Driver/Src/stm32f4xx_hal_rcc.o
 .debug_abbrev  0x0000206c      0x31b ./Drivers/STM32F4xx_HAL_Driver/Src/stm32f4xx_hal_uart.o
 .debug_abbrev  0x00002387      0x1f6 /Users/leonxu/Downloads/updated_test_objectfiles/test10.o

.debug_aranges  0x00000000      0x9d8
 .debug_aranges
                0x00000000       0x20 ./Core/Src/bit_array.o
 .debug_aranges
                0x00000020       0x18 ./Core/Src/globals.o
 .debug_aranges
                0x00000038       0x88 ./Core/Src/k_mem.o
 .debug_aranges
                0x000000c0       0xe0 ./Core/Src/osFunctions.o
 .debug_aranges
                0x000001a0       0x30 ./Core/Src/stm32f4xx_hal_msp.o
 .debug_aranges
                0x000001d0       0x60 ./Core/Src/stm32f4xx_it.o
 .debug_aranges
                0x00000230       0x20 ./Core/Src/svc_handler.o
 .debug_aranges
                0x00000250       0xa8 ./Core/Src/syscalls.o
 .debug_aranges
                0x000002f8       0x20 ./Core/Src/sysmem.o
 .debug_aranges
                0x00000318       0x28 ./Core/Src/system_stm32f4xx.o
 .debug_aranges
                0x00000340       0xa0 ./Core/Src/task_scheduler.o
 .debug_aranges
                0x000003e0       0x70 ./Core/Src/tcb_array.o
 .debug_aranges
                0x00000450       0x40 ./Core/Src/util.o
 .debug_aranges
                0x00000490       0x28 ./Core/Startup/startup_stm32f401retx.o
 .debug_aranges
                0x000004b8       0xf0 ./Drivers/STM32F4xx_HAL_Driver/Src/stm32f4xx_hal.o
 .debug_aranges
                0x000005a8      0x118 ./Drivers/STM32F4xx_HAL_Driver/Src/stm32f4xx_hal_cortex.o
 .debug_aranges
                0x000006c0       0x58 ./Drivers/STM32F4xx_HAL_Driver/Src/stm32f4xx_hal_gpio.o
 .debug_aranges
                0x00000718       0x88 ./Drivers/STM32F4xx_HAL_Driver/Src/stm32f4xx_hal_rcc.o
 .debug_aranges
                0x000007a0      0x200 ./Drivers/STM32F4xx_HAL_Driver/Src/stm32f4xx_hal_uart.o
 .debug_aranges
                0x000009a0       0x38 /Users/leonxu/Downloads/updated_test_objectfiles/test10.o

.debug_rnglists
                0x00000000      0x758
 .debug_rnglists
                0x00000000       0x13 ./Core/Src/bit_array.o
 .debug_rnglists
                0x00000013       0x75 ./Core/Src/k_mem.o
 .debug_rnglists
                0x00000088       0xa9 ./Core/Src/osFunctions.o
 .debug_rnglists
                0x00000131       0x20 ./Core/Src/stm32f4xx_hal_msp.o
 .debug_rnglists
                0x00000151       0x46 ./Core/Src/stm32f4xx_it.o
 .debug_rnglists
                0x00000197       0x79 ./Core/Src/syscalls.o
 .debug_rnglists
                0x00000210       0x13 ./Core/Src/sysmem.o
 .debug_rnglists
                0x00000223       0x1a ./Core/Src/system_stm32f4xx.o
 .debug_rnglists
                0x0000023d       0x76 ./Core/Src/task_scheduler.o
 .debug_rnglists
                0x000002b3       0x52 ./Core/Src/tcb_array.o
 .debug_rnglists
                0x00000305       0x2d ./Core/Src/util.o
 .debug_rnglists
                0x00000332       0x19 ./Core/Startup/startup_stm32f401retx.o
 .debug_rnglists
                0x0000034b       0xaf ./Drivers/STM32F4xx_HAL_Driver/Src/stm32f4xx_hal.o
 .debug_rnglists
                0x000003fa       0xce ./Drivers/STM32F4xx_HAL_Driver/Src/stm32f4xx_hal_cortex.o
 .debug_rnglists
                0x000004c8       0x3f ./Drivers/STM32F4xx_HAL_Driver/Src/stm32f4xx_hal_gpio.o
 .debug_rnglists
                0x00000507       0x66 ./Drivers/STM32F4xx_HAL_Driver/Src/stm32f4xx_hal_rcc.o
 .debug_rnglists
                0x0000056d      0x1b7 ./Drivers/STM32F4xx_HAL_Driver/Src/stm32f4xx_hal_uart.o
 .debug_rnglists
                0x00000724       0x34 /Users/leonxu/Downloads/updated_test_objectfiles/test10.o

.debug_macro    0x00000000    0x1863d
 .debug_macro   0x00000000      0x2da ./Core/Src/bit_array.o
 .debug_macro   0x000002da      0xab4 ./Core/Src/bit_array.o
 .debug_macro   0x00000d8e      0x295 ./Core/Src/bit_array.o
 .debug_macro   0x00001023       0x2e ./Core/Src/bit_array.o
 .debug_macro   0x00001051       0x28 ./Core/Src/bit_array.o
 .debug_macro   0x00001079       0x22 ./Core/Src/bit_array.o
 .debug_macro   0x0000109b       0x8e ./Core/Src/bit_array.o
 .debug_macro   0x00001129       0x51 ./Core/Src/bit_array.o
 .debug_macro   0x0000117a      0x103 ./Core/Src/bit_array.o
 .debug_macro   0x0000127d       0x6a ./Core/Src/bit_array.o
 .debug_macro   0x000012e7      0x1df ./Core/Src/bit_array.o
 .debug_macro   0x000014c6       0x1c ./Core/Src/bit_array.o
 .debug_macro   0x000014e2       0x22 ./Core/Src/bit_array.o
 .debug_macro   0x00001504       0xd9 ./Core/Src/bit_array.o
 .debug_macro   0x000015dd     0x102d ./Core/Src/bit_array.o
 .debug_macro   0x0000260a      0x11f ./Core/Src/bit_array.o
 .debug_macro   0x00002729     0xb86c ./Core/Src/bit_array.o
 .debug_macro   0x0000df95       0x6d ./Core/Src/bit_array.o
 .debug_macro   0x0000e002     0x367e ./Core/Src/bit_array.o
 .debug_macro   0x00011680      0x189 ./Core/Src/bit_array.o
 .debug_macro   0x00011809       0x5c ./Core/Src/bit_array.o
 .debug_macro   0x00011865      0x416 ./Core/Src/bit_array.o
 .debug_macro   0x00011c7b      0x9fe ./Core/Src/bit_array.o
 .debug_macro   0x00012679      0x115 ./Core/Src/bit_array.o
 .debug_macro   0x0001278e       0xf8 ./Core/Src/bit_array.o
 .debug_macro   0x00012886       0xa5 ./Core/Src/bit_array.o
 .debug_macro   0x0001292b      0x15f ./Core/Src/bit_array.o
 .debug_macro   0x00012a8a      0x287 ./Core/Src/bit_array.o
 .debug_macro   0x00012d11       0x5f ./Core/Src/bit_array.o
 .debug_macro   0x00012d70      0x236 ./Core/Src/bit_array.o
 .debug_macro   0x00012fa6      0x132 ./Core/Src/bit_array.o
 .debug_macro   0x000130d8      0x264 ./Core/Src/bit_array.o
 .debug_macro   0x0001333c       0x2e ./Core/Src/bit_array.o
 .debug_macro   0x0001336a      0x11a ./Core/Src/bit_array.o
 .debug_macro   0x00013484       0x85 ./Core/Src/bit_array.o
 .debug_macro   0x00013509       0x89 ./Core/Src/bit_array.o
 .debug_macro   0x00013592      0x295 ./Core/Src/bit_array.o
 .debug_macro   0x00013827      0x126 ./Core/Src/bit_array.o
 .debug_macro   0x0001394d       0x58 ./Core/Src/bit_array.o
 .debug_macro   0x000139a5       0x4c ./Core/Src/bit_array.o
 .debug_macro   0x000139f1       0x28 ./Core/Src/bit_array.o
 .debug_macro   0x00013a19       0x3a ./Core/Src/bit_array.o
 .debug_macro   0x00013a53       0x61 ./Core/Src/bit_array.o
 .debug_macro   0x00013ab4       0x2a ./Core/Src/bit_array.o
 .debug_macro   0x00013ade       0x43 ./Core/Src/bit_array.o
 .debug_macro   0x00013b21       0x34 ./Core/Src/bit_array.o
 .debug_macro   0x00013b55       0x16 ./Core/Src/bit_array.o
 .debug_macro   0x00013b6b       0x35 ./Core/Src/bit_array.o
 .debug_macro   0x00013ba0      0x369 ./Core/Src/bit_array.o
 .debug_macro   0x00013f09       0x10 ./Core/Src/bit_array.o
 .debug_macro   0x00013f19       0x16 ./Core/Src/bit_array.o
 .debug_macro   0x00013f2f       0x43 ./Core/Src/bit_array.o
 .debug_macro   0x00013f72       0x34 ./Core/Src/bit_array.o
 .debug_macro   0x00013fa6       0x10 ./Core/Src/bit_array.o
 .debug_macro   0x00013fb6       0x58 ./Core/Src/bit_array.o
 .debug_macro   0x0001400e       0x8e ./Core/Src/bit_array.o
 .debug_macro   0x0001409c       0x1c ./Core/Src/bit_array.o
 .debug_macro   0x000140b8      0x177 ./Core/Src/bit_array.o
 .debug_macro   0x0001422f       0x16 ./Core/Src/bit_array.o
 .debug_macro   0x00014245       0x16 ./Core/Src/bit_array.o
 .debug_macro   0x0001425b      0x146 ./Core/Src/bit_array.o
 .debug_macro   0x000143a1      0x1f8 ./Core/Src/globals.o
 .debug_macro   0x00014599      0x2da ./Core/Src/k_mem.o
 .debug_macro   0x00014873      0x2ec ./Core/Src/osFunctions.o
 .debug_macro   0x00014b5f       0x40 ./Core/Src/osFunctions.o
 .debug_macro   0x00014b9f      0x1c9 ./Core/Src/stm32f4xx_hal_msp.o
 .debug_macro   0x00014d68      0x207 ./Core/Src/stm32f4xx_it.o
 .debug_macro   0x00014f6f      0x274 ./Core/Src/syscalls.o
 .debug_macro   0x000151e3       0x5b ./Core/Src/syscalls.o
 .debug_macro   0x0001523e       0x94 ./Core/Src/syscalls.o
 .debug_macro   0x000152d2       0x57 ./Core/Src/syscalls.o
 .debug_macro   0x00015329       0x10 ./Core/Src/syscalls.o
 .debug_macro   0x00015339       0x10 ./Core/Src/syscalls.o
 .debug_macro   0x00015349       0x10 ./Core/Src/syscalls.o
 .debug_macro   0x00015359       0x10 ./Core/Src/syscalls.o
 .debug_macro   0x00015369       0x1c ./Core/Src/syscalls.o
 .debug_macro   0x00015385       0x52 ./Core/Src/syscalls.o
 .debug_macro   0x000153d7       0x22 ./Core/Src/syscalls.o
 .debug_macro   0x000153f9       0x10 ./Core/Src/syscalls.o
 .debug_macro   0x00015409       0x52 ./Core/Src/syscalls.o
 .debug_macro   0x0001545b       0xcf ./Core/Src/syscalls.o
 .debug_macro   0x0001552a       0x1c ./Core/Src/syscalls.o
 .debug_macro   0x00015546       0x3d ./Core/Src/syscalls.o
 .debug_macro   0x00015583       0x35 ./Core/Src/syscalls.o
 .debug_macro   0x000155b8      0x12c ./Core/Src/syscalls.o
 .debug_macro   0x000156e4       0x16 ./Core/Src/syscalls.o
 .debug_macro   0x000156fa       0x16 ./Core/Src/syscalls.o
 .debug_macro   0x00015710       0x29 ./Core/Src/syscalls.o
 .debug_macro   0x00015739       0x10 ./Core/Src/syscalls.o
 .debug_macro   0x00015749      0x242 ./Core/Src/syscalls.o
 .debug_macro   0x0001598b       0x1c ./Core/Src/syscalls.o
 .debug_macro   0x000159a7       0x10 ./Core/Src/syscalls.o
 .debug_macro   0x000159b7      0x18a ./Core/Src/syscalls.o
 .debug_macro   0x00015b41       0x16 ./Core/Src/syscalls.o
 .debug_macro   0x00015b57       0xce ./Core/Src/syscalls.o
 .debug_macro   0x00015c25       0xff ./Core/Src/sysmem.o
 .debug_macro   0x00015d24      0x23c ./Core/Src/sysmem.o
 .debug_macro   0x00015f60      0x1ba ./Core/Src/system_stm32f4xx.o
 .debug_macro   0x0001611a      0x2c7 ./Core/Src/task_scheduler.o
 .debug_macro   0x000163e1      0x1ef ./Core/Src/tcb_array.o
 .debug_macro   0x000165d0      0x1c9 ./Core/Src/util.o
 .debug_macro   0x00016799      0x21a ./Drivers/STM32F4xx_HAL_Driver/Src/stm32f4xx_hal.o
 .debug_macro   0x000169b3      0x1ba ./Drivers/STM32F4xx_HAL_Driver/Src/stm32f4xx_hal_cortex.o
 .debug_macro   0x00016b6d      0x1c0 ./Drivers/STM32F4xx_HAL_Driver/Src/stm32f4xx_hal_gpio.o
 .debug_macro   0x00016d2d      0x1de ./Drivers/STM32F4xx_HAL_Driver/Src/stm32f4xx_hal_rcc.o
 .debug_macro   0x00016f0b      0x1bb ./Drivers/STM32F4xx_HAL_Driver/Src/stm32f4xx_hal_uart.o
 .debug_macro   0x000170c6      0x304 /Users/leonxu/Downloads/updated_test_objectfiles/test10.o
 .debug_macro   0x000173ca      0xaa8 /Users/leonxu/Downloads/updated_test_objectfiles/test10.o
 .debug_macro   0x00017e72       0x5e /Users/leonxu/Downloads/updated_test_objectfiles/test10.o
 .debug_macro   0x00017ed0       0x22 /Users/leonxu/Downloads/updated_test_objectfiles/test10.o
 .debug_macro   0x00017ef2      0x174 /Users/leonxu/Downloads/updated_test_objectfiles/test10.o
 .debug_macro   0x00018066       0x2a /Users/leonxu/Downloads/updated_test_objectfiles/test10.o
 .debug_macro   0x00018090       0x35 /Users/leonxu/Downloads/updated_test_objectfiles/test10.o
 .debug_macro   0x000180c5       0x43 /Users/leonxu/Downloads/updated_test_objectfiles/test10.o
 .debug_macro   0x00018108       0x8e /Users/leonxu/Downloads/updated_test_objectfiles/test10.o
 .debug_macro   0x00018196      0x177 /Users/leonxu/Downloads/updated_test_objectfiles/test10.o
 .debug_macro   0x0001830d       0x16 /Users/leonxu/Downloads/updated_test_objectfiles/test10.o
 .debug_macro   0x00018323      0x147 /Users/leonxu/Downloads/updated_test_objectfiles/test10.o
 .debug_macro   0x0001846a       0x22 /Users/leonxu/Downloads/updated_test_objectfiles/test10.o
 .debug_macro   0x0001848c       0x16 /Users/leonxu/Downloads/updated_test_objectfiles/test10.o
 .debug_macro   0x000184a2      0x19b /Users/leonxu/Downloads/updated_test_objectfiles/test10.o

.debug_line     0x00000000     0xd39d
 .debug_line    0x00000000      0x84d ./Core/Src/bit_array.o
 .debug_line    0x0000084d      0x6b3 ./Core/Src/globals.o
 .debug_line    0x00000f00      0xe40 ./Core/Src/k_mem.o
 .debug_line    0x00001d40      0xfeb ./Core/Src/osFunctions.o
 .debug_line    0x00002d2b      0x701 ./Core/Src/stm32f4xx_hal_msp.o
 .debug_line    0x0000342c      0x905 ./Core/Src/stm32f4xx_it.o
 .debug_line    0x00003d31       0x56 ./Core/Src/svc_handler.o
 .debug_line    0x00003d87      0x84b ./Core/Src/syscalls.o
 .debug_line    0x000045d2      0x51c ./Core/Src/sysmem.o
 .debug_line    0x00004aee      0x737 ./Core/Src/system_stm32f4xx.o
 .debug_line    0x00005225      0xcdd ./Core/Src/task_scheduler.o
 .debug_line    0x00005f02      0x9ca ./Core/Src/tcb_array.o
 .debug_line    0x000068cc      0x788 ./Core/Src/util.o
 .debug_line    0x00007054       0x7a ./Core/Startup/startup_stm32f401retx.o
 .debug_line    0x000070ce      0x9a0 ./Drivers/STM32F4xx_HAL_Driver/Src/stm32f4xx_hal.o
 .debug_line    0x00007a6e      0xc4d ./Drivers/STM32F4xx_HAL_Driver/Src/stm32f4xx_hal_cortex.o
 .debug_line    0x000086bb      0xaf0 ./Drivers/STM32F4xx_HAL_Driver/Src/stm32f4xx_hal_gpio.o
 .debug_line    0x000091ab      0xd13 ./Drivers/STM32F4xx_HAL_Driver/Src/stm32f4xx_hal_rcc.o
 .debug_line    0x00009ebe     0x2a57 ./Drivers/STM32F4xx_HAL_Driver/Src/stm32f4xx_hal_uart.o
 .debug_line    0x0000c915      0xa88 /Users/leonxu/Downloads/updated_test_objectfiles/test10.o

.debug_str      0x00000000    0x87e81
 .debug_str     0x00000000    0x82624 ./Core/Src/bit_array.o
                              0x828c7 (size before relaxing)
 .debug_str     0x00082624       0xe2 ./Core/Src/globals.o
                              0x7f23b (size before relaxing)
 .debug_str     0x00082706      0x2dc ./Core/Src/k_mem.o
                              0x82c3f (size before relaxing)
 .debug_str     0x000829e2      0x3c6 ./Core/Src/osFunctions.o
                              0x82d71 (size before relaxing)
 .debug_str     0x00082da8      0x5fc ./Core/Src/stm32f4xx_hal_msp.o
                              0x7f581 (size before relaxing)
 .debug_str     0x000833a4      0x1c9 ./Core/Src/stm32f4xx_it.o
                              0x7f411 (size before relaxing)
 .debug_str     0x0008356d       0x28 ./Core/Src/svc_handler.o
                                 0x54 (size before relaxing)
 .debug_str     0x00083595     0x20b7 ./Core/Src/syscalls.o
                               0x98a5 (size before relaxing)
 .debug_str     0x0008564c       0x53 ./Core/Src/sysmem.o
                               0x60bd (size before relaxing)
 .debug_str     0x0008569f       0x87 ./Core/Src/system_stm32f4xx.o
                              0x7eff7 (size before relaxing)
 .debug_str     0x00085726      0x145 ./Core/Src/task_scheduler.o
                              0x82a47 (size before relaxing)
 .debug_str     0x0008586b       0x66 ./Core/Src/tcb_array.o
                              0x7f258 (size before relaxing)
 .debug_str     0x000858d1      0x239 ./Core/Src/util.o
                              0x7f749 (size before relaxing)
 .debug_str     0x00085b0a       0x36 ./Core/Startup/startup_stm32f401retx.o
                                 0x70 (size before relaxing)
 .debug_str     0x00085b40      0x99f ./Drivers/STM32F4xx_HAL_Driver/Src/stm32f4xx_hal.o
                              0x7fa19 (size before relaxing)
 .debug_str     0x000864df      0x343 ./Drivers/STM32F4xx_HAL_Driver/Src/stm32f4xx_hal_cortex.o
                              0x7f73a (size before relaxing)
 .debug_str     0x00086822      0x11c ./Drivers/STM32F4xx_HAL_Driver/Src/stm32f4xx_hal_gpio.o
                              0x7f172 (size before relaxing)