../Core/Inc/tid_dispenser.h:15:5:numOfAvailableTIDs	32	static
../Core/Inc/tid_dispenser.h:24:6:outOfTIDs	16	static
../Core/Inc/tid_dispenser.h:28:5:dequeueTID	32	static
../Core/Inc/tid_dispenser.h:43:6:enqueueTID	24	static
../Core/Inc/tid_dispenser.h:58:6:initTIDdispenser	24	static
../Core/Src/osFunctions.c:12:6:print_continuously	8	static
../Core/Src/osFunctions.c:19:6:print_continuously_two	8	static
../Core/Src/osFunctions.c:26:6:print_until_exit	8	static
../Core/Src/osFunctions.c:36:6:do_nothing	4	static
../Core/Src/osFunctions.c:43:6:no_yield	4	static
../Core/Src/osFunctions.c:49:6:no_yield_with_sleep	8	static
../Core/Src/osFunctions.c:56:6:no_yield2	4	static
../Core/Src/osFunctions.c:62:6:no_yield2_with_sleep	8	static
../Core/Src/osFunctions.c:69:6:period_yield	8	static
../Core/Src/osFunctions.c:80:6:osKernelInit	40	static
../Core/Src/osFunctions.c:108:5:osTaskInfo	24	static
../Core/Src/osFunctions.c:147:8:osGetTID	4	static
../Core/Src/osFunctions.c:160:5:osCreateTask	48	static,ignoring_inline_asm
../Core/Src/osFunctions.c:275:5:osKernelStart	16	static,ignoring_inline_asm
../Core/Src/osFunctions.c:310:6:osYield	4	static,ignoring_inline_asm
../Core/Src/osFunctions.c:324:5:osTaskExit	8	static,ignoring_inline_asm
../Core/Src/osFunctions.c:342:5:osSetDeadline	24	static,ignoring_inline_asm
../Core/Src/osFunctions.c:383:5:osCreateDeadlineTask	48	static,ignoring_inline_asm
../Core/Src/osFunctions.c:493:6:osSleep	16	static,ignoring_inline_asm
../Core/Src/osFunctions.c:534:6:osPeriodYield	8	static
